[    0.000000] microcode: microcode updated early to revision 0x2f, date = 2019-02-17
[    0.000000] Linux version 4.18.0-80.11.2.el8_0.x86_64 (mockbuild@x86-vm-07.build.eng.bos.redhat.com) (gcc version 8.2.1 20180905 (Red Hat 8.2.1-3) (GCC)) #1 SMP Sun Sep 15 11:24:21 UTC 2019
[    0.000000] Command line: BOOT_IMAGE=(hd0,gpt2)/vmlinuz-4.18.0-80.11.2.el8_0.x86_64 root=/dev/mapper/rhel_t420-root ro crashkernel=auto resume=/dev/mapper/rhel_t420-swap rd.lvm.lv=rhel_t420/root rd.lvm.lv=rhel_t420/swap rhgb quiet
[    0.000000] Disabled fast string operations
[    0.000000] x86/fpu: Supporting XSAVE feature 0x001: 'x87 floating point registers'
[    0.000000] x86/fpu: Supporting XSAVE feature 0x002: 'SSE registers'
[    0.000000] x86/fpu: Supporting XSAVE feature 0x004: 'AVX registers'
[    0.000000] x86/fpu: xstate_offset[2]:  576, xstate_sizes[2]:  256
[    0.000000] x86/fpu: Enabled xstate features 0x7, context size is 832 bytes, using 'standard' format.
[    0.000000] BIOS-provided physical RAM map:
[    0.000000] BIOS-e820: [mem 0x0000000000000000-0x0000000000057fff] usable
[    0.000000] BIOS-e820: [mem 0x0000000000058000-0x0000000000058fff] ACPI NVS
[    0.000000] BIOS-e820: [mem 0x0000000000059000-0x000000000009ffff] usable
[    0.000000] BIOS-e820: [mem 0x0000000000100000-0x000000001fffffff] usable
[    0.000000] BIOS-e820: [mem 0x0000000020000000-0x00000000201fffff] reserved
[    0.000000] BIOS-e820: [mem 0x0000000020200000-0x000000003fffffff] usable
[    0.000000] BIOS-e820: [mem 0x0000000040000000-0x00000000401fffff] reserved
[    0.000000] BIOS-e820: [mem 0x0000000040200000-0x00000000da99efff] usable
[    0.000000] BIOS-e820: [mem 0x00000000da99f000-0x00000000dae9efff] reserved
[    0.000000] BIOS-e820: [mem 0x00000000dae9f000-0x00000000daf9efff] ACPI NVS
[    0.000000] BIOS-e820: [mem 0x00000000daf9f000-0x00000000daffefff] ACPI data
[    0.000000] BIOS-e820: [mem 0x00000000dafff000-0x00000000daffffff] usable
[    0.000000] BIOS-e820: [mem 0x00000000f80f8000-0x00000000f80f8fff] reserved
[    0.000000] BIOS-e820: [mem 0x00000000fed1c000-0x00000000fed1ffff] reserved
[    0.000000] BIOS-e820: [mem 0x0000000100000000-0x000000021e5fffff] usable
[    0.000000] NX (Execute Disable) protection: active
[    0.000000] e820: update [mem 0xd5e5c018-0xd5e6c057] usable ==> usable
[    0.000000] e820: update [mem 0xd5e5c018-0xd5e6c057] usable ==> usable
[    0.000000] e820: update [mem 0xd5e4c018-0xd5e5b657] usable ==> usable
[    0.000000] e820: update [mem 0xd5e4c018-0xd5e5b657] usable ==> usable
[    0.000000] extended physical RAM map:
[    0.000000] reserve setup_data: [mem 0x0000000000000000-0x0000000000057fff] usable
[    0.000000] reserve setup_data: [mem 0x0000000000058000-0x0000000000058fff] ACPI NVS
[    0.000000] reserve setup_data: [mem 0x0000000000059000-0x000000000009ffff] usable
[    0.000000] reserve setup_data: [mem 0x0000000000100000-0x000000001fffffff] usable
[    0.000000] reserve setup_data: [mem 0x0000000020000000-0x00000000201fffff] reserved
[    0.000000] reserve setup_data: [mem 0x0000000020200000-0x000000003fffffff] usable
[    0.000000] reserve setup_data: [mem 0x0000000040000000-0x00000000401fffff] reserved
[    0.000000] reserve setup_data: [mem 0x0000000040200000-0x00000000d5e4c017] usable
[    0.000000] reserve setup_data: [mem 0x00000000d5e4c018-0x00000000d5e5b657] usable
[    0.000000] reserve setup_data: [mem 0x00000000d5e5b658-0x00000000d5e5c017] usable
[    0.000000] reserve setup_data: [mem 0x00000000d5e5c018-0x00000000d5e6c057] usable
[    0.000000] reserve setup_data: [mem 0x00000000d5e6c058-0x00000000da99efff] usable
[    0.000000] reserve setup_data: [mem 0x00000000da99f000-0x00000000dae9efff] reserved
[    0.000000] reserve setup_data: [mem 0x00000000dae9f000-0x00000000daf9efff] ACPI NVS
[    0.000000] reserve setup_data: [mem 0x00000000daf9f000-0x00000000daffefff] ACPI data
[    0.000000] reserve setup_data: [mem 0x00000000dafff000-0x00000000daffffff] usable
[    0.000000] reserve setup_data: [mem 0x00000000f80f8000-0x00000000f80f8fff] reserved
[    0.000000] reserve setup_data: [mem 0x00000000fed1c000-0x00000000fed1ffff] reserved
[    0.000000] reserve setup_data: [mem 0x0000000100000000-0x000000021e5fffff] usable
[    0.000000] efi: EFI v2.00 by Lenovo
[    0.000000] efi:  ACPI=0xdaffe000  ACPI 2.0=0xdaffe014  SMBIOS=0xdae9e000 
[    0.000000] secureboot: Secure boot disabled
[    0.000000] SMBIOS 2.6 present.
[    0.000000] DMI: LENOVO 4180AP3/4180AP3, BIOS 83ET82WW (1.52 ) 06/04/2018
[    0.000000] e820: update [mem 0x00000000-0x00000fff] usable ==> reserved
[    0.000000] e820: remove [mem 0x000a0000-0x000fffff] usable
[    0.000000] last_pfn = 0x21e600 max_arch_pfn = 0x400000000
[    0.000000] MTRR default type: uncachable
[    0.000000] MTRR fixed ranges enabled:
[    0.000000]   00000-9FFFF write-back
[    0.000000]   A0000-BFFFF uncachable
[    0.000000]   C0000-FFFFF write-protect
[    0.000000] MTRR variable ranges enabled:
[    0.000000]   0 base 0FFC00000 mask FFFC00000 write-protect
[    0.000000]   1 base 000000000 mask F80000000 write-back
[    0.000000]   2 base 080000000 mask FC0000000 write-back
[    0.000000]   3 base 0C0000000 mask FE0000000 write-back
[    0.000000]   4 base 0DC000000 mask FFC000000 uncachable
[    0.000000]   5 base 0DB000000 mask FFF000000 uncachable
[    0.000000]   6 base 100000000 mask F00000000 write-back
[    0.000000]   7 base 200000000 mask FE0000000 write-back
[    0.000000]   8 base 21F000000 mask FFF000000 uncachable
[    0.000000]   9 base 21E800000 mask FFF800000 uncachable
[    0.000000] x86/PAT: Configuration [0-7]: WB  WC  UC- UC  WB  WP  UC- WT  
[    0.000000] last_pfn = 0xdb000 max_arch_pfn = 0x400000000
[    0.000000] Base memory trampoline at [(____ptrval____)] 97000 size 24576
[    0.000000] reserving inaccessible SNB gfx pages
[    0.000000] BRK [0x6ecf0000, 0x6ecf0fff] PGTABLE
[    0.000000] BRK [0x6ecf1000, 0x6ecf1fff] PGTABLE
[    0.000000] BRK [0x6ecf2000, 0x6ecf2fff] PGTABLE
[    0.000000] BRK [0x6ecf3000, 0x6ecf3fff] PGTABLE
[    0.000000] BRK [0x6ecf4000, 0x6ecf4fff] PGTABLE
[    0.000000] BRK [0x6ecf5000, 0x6ecf5fff] PGTABLE
[    0.000000] BRK [0x6ecf6000, 0x6ecf6fff] PGTABLE
[    0.000000] BRK [0x6ecf7000, 0x6ecf7fff] PGTABLE
[    0.000000] BRK [0x6ecf8000, 0x6ecf8fff] PGTABLE
[    0.000000] BRK [0x6ecf9000, 0x6ecf9fff] PGTABLE
[    0.000000] RAMDISK: [mem 0x3c7ae000-0x3e0fcfff]
[    0.000000] ACPI: Early table checksum verification disabled
[    0.000000] ACPI: RSDP 0x00000000DAFFE014 000024 (v02 LENOVO)
[    0.000000] ACPI: XSDT 0x00000000DAFFE120 0000AC (v01 LENOVO TP-83    00001520 PTEC 00000002)
[    0.000000] ACPI: FACP 0x00000000DAFE8000 0000F4 (v04 LENOVO TP-83    00001520 PTL  00000002)
[    0.000000] ACPI: DSDT 0x00000000DAFEB000 00E7BC (v01 LENOVO TP-83    00001520 INTL 20061109)
[    0.000000] ACPI: FACS 0x00000000DAF2D000 000040
[    0.000000] ACPI: FACS 0x00000000DAF2D000 000040
[    0.000000] ACPI: SLIC 0x00000000DAFFD000 000176 (v01 LENOVO TP-83    00001520 PTEC 00000001)
[    0.000000] ACPI: SSDT 0x00000000DAFFC000 000249 (v01 LENOVO TP-SSDT2 00000200 INTL 20061109)
[    0.000000] ACPI: SSDT 0x00000000DAFFB000 000033 (v01 LENOVO TP-SSDT1 00000100 INTL 20061109)
[    0.000000] ACPI: SSDT 0x00000000DAFFA000 000797 (v01 LENOVO SataAhci 00001000 INTL 20061109)
[    0.000000] ACPI: HPET 0x00000000DAFE7000 000038 (v01 LENOVO TP-83    00001520 PTL  00000002)
[    0.000000] ACPI: APIC 0x00000000DAFE6000 000098 (v01 LENOVO TP-83    00001520 PTL  00000002)
[    0.000000] ACPI: MCFG 0x00000000DAFE5000 00003C (v01 LENOVO TP-83    00001520 PTL  00000002)
[    0.000000] ACPI: ECDT 0x00000000DAFE4000 000052 (v01 LENOVO TP-83    00001520 PTL  00000002)
[    0.000000] ACPI: ASF! 0x00000000DAFEA000 0000A5 (v32 LENOVO TP-83    00001520 PTL  00000002)
[    0.000000] ACPI: TCPA 0x00000000DAFE3000 000032 (v02 PTL    LENOVO   06040000 LNVO 00000001)
[    0.000000] ACPI: SSDT 0x00000000DAFE2000 000A27 (v01 PmRef  Cpu0Ist  00003000 INTL 20061109)
[    0.000000] ACPI: SSDT 0x00000000DAFE1000 000996 (v01 PmRef  CpuPm    00003000 INTL 20061109)
[    0.000000] ACPI: DMAR 0x00000000DAFE0000 0000E8 (v01 INTEL  SNB      00000001 INTL 00000001)
[    0.000000] ACPI: UEFI 0x00000000DAFDF000 00003E (v01 LENOVO TP-83    00001520 PTL  00000002)
[    0.000000] ACPI: UEFI 0x00000000DAFDE000 000042 (v01 PTL    COMBUF   00000001 PTL  00000001)
[    0.000000] ACPI: UEFI 0x00000000DAFDD000 000292 (v01 LENOVO TP-83    00001520 PTL  00000002)
[    0.000000] ACPI: Local APIC address 0xfee00000
[    0.000000] No NUMA configuration found
[    0.000000] Faking a node at [mem 0x0000000000000000-0x000000021e5fffff]
[    0.000000] NODE_DATA(0) allocated [mem 0x21e5d2000-0x21e5fbfff]
[    0.000000] Using crashkernel=auto, the size chosen is a best effort estimation.
[    0.000000] Reserving 160MB of memory at 736MB for crashkernel (System RAM: 8075MB)
[    0.000000] tsc: Fast TSC calibration using PIT
[    0.000000] Zone ranges:
[    0.000000]   DMA      [mem 0x0000000000001000-0x0000000000ffffff]
[    0.000000]   DMA32    [mem 0x0000000001000000-0x00000000ffffffff]
[    0.000000]   Normal   [mem 0x0000000100000000-0x000000021e5fffff]
[    0.000000]   Device   empty
[    0.000000] Movable zone start for each node
[    0.000000] Early memory node ranges
[    0.000000]   node   0: [mem 0x0000000000001000-0x0000000000057fff]
[    0.000000]   node   0: [mem 0x0000000000059000-0x000000000009ffff]
[    0.000000]   node   0: [mem 0x0000000000100000-0x000000001fffffff]
[    0.000000]   node   0: [mem 0x0000000020200000-0x000000003fffffff]
[    0.000000]   node   0: [mem 0x0000000040200000-0x00000000da99efff]
[    0.000000]   node   0: [mem 0x00000000dafff000-0x00000000daffffff]
[    0.000000]   node   0: [mem 0x0000000100000000-0x000000021e5fffff]
[    0.000000] Zeroed struct page in unavailable ranges: 23234 pages
[    0.000000] Initmem setup node 0 [mem 0x0000000000001000-0x000000021e5fffff]
[    0.000000] On node 0 totalpages: 2067262
[    0.000000]   DMA zone: 64 pages used for memmap
[    0.000000]   DMA zone: 158 pages reserved
[    0.000000]   DMA zone: 3998 pages, LIFO batch:0
[    0.000000]   DMA32 zone: 13911 pages used for memmap
[    0.000000]   DMA32 zone: 890272 pages, LIFO batch:31
[    0.000000]   Normal zone: 18328 pages used for memmap
[    0.000000]   Normal zone: 1172992 pages, LIFO batch:31
[    0.000000] Reserving Intel graphics memory at [mem 0xdba00000-0xdf9fffff]
[    0.000000] ACPI: PM-Timer IO Port: 0x408
[    0.000000] ACPI: Local APIC address 0xfee00000
[    0.000000] ACPI: LAPIC_NMI (acpi_id[0x00] high edge lint[0x1])
[    0.000000] ACPI: LAPIC_NMI (acpi_id[0x01] high edge lint[0x1])
[    0.000000] IOAPIC[0]: apic_id 2, version 32, address 0xfec00000, GSI 0-23
[    0.000000] ACPI: INT_SRC_OVR (bus 0 bus_irq 0 global_irq 2 dfl dfl)
[    0.000000] ACPI: INT_SRC_OVR (bus 0 bus_irq 9 global_irq 9 high level)
[    0.000000] ACPI: IRQ0 used by override.
[    0.000000] ACPI: IRQ9 used by override.
[    0.000000] Using ACPI (MADT) for SMP configuration information
[    0.000000] ACPI: HPET id: 0x8086a301 base: 0xfed00000
[    0.000000] smpboot: Allowing 8 CPUs, 4 hotplug CPUs
[    0.000000] PM: Registered nosave memory: [mem 0x00000000-0x00000fff]
[    0.000000] PM: Registered nosave memory: [mem 0x00058000-0x00058fff]
[    0.000000] PM: Registered nosave memory: [mem 0x000a0000-0x000fffff]
[    0.000000] PM: Registered nosave memory: [mem 0x20000000-0x201fffff]
[    0.000000] PM: Registered nosave memory: [mem 0x40000000-0x401fffff]
[    0.000000] PM: Registered nosave memory: [mem 0xd5e4c000-0xd5e4cfff]
[    0.000000] PM: Registered nosave memory: [mem 0xd5e5b000-0xd5e5bfff]
[    0.000000] PM: Registered nosave memory: [mem 0xd5e5c000-0xd5e5cfff]
[    0.000000] PM: Registered nosave memory: [mem 0xd5e6c000-0xd5e6cfff]
[    0.000000] PM: Registered nosave memory: [mem 0xda99f000-0xdae9efff]
[    0.000000] PM: Registered nosave memory: [mem 0xdae9f000-0xdaf9efff]
[    0.000000] PM: Registered nosave memory: [mem 0xdaf9f000-0xdaffefff]
[    0.000000] PM: Registered nosave memory: [mem 0xdb000000-0xdb9fffff]
[    0.000000] PM: Registered nosave memory: [mem 0xdba00000-0xdf9fffff]
[    0.000000] PM: Registered nosave memory: [mem 0xdfa00000-0xf80f7fff]
[    0.000000] PM: Registered nosave memory: [mem 0xf80f8000-0xf80f8fff]
[    0.000000] PM: Registered nosave memory: [mem 0xf80f9000-0xfed1bfff]
[    0.000000] PM: Registered nosave memory: [mem 0xfed1c000-0xfed1ffff]
[    0.000000] PM: Registered nosave memory: [mem 0xfed20000-0xffffffff]
[    0.000000] [mem 0xdfa00000-0xf80f7fff] available for PCI devices
[    0.000000] Booting paravirtualized kernel on bare hardware
[    0.000000] clocksource: refined-jiffies: mask: 0xffffffff max_cycles: 0xffffffff, max_idle_ns: 1910969940391419 ns
[    0.000000] random: get_random_bytes called from start_kernel+0x93/0x550 with crng_init=0
[    0.000000] setup_percpu: NR_CPUS:8192 nr_cpumask_bits:8 nr_cpu_ids:8 nr_node_ids:1
[    0.000000] percpu: Embedded 47 pages/cpu @(____ptrval____) s155648 r8192 d28672 u262144
[    0.000000] pcpu-alloc: s155648 r8192 d28672 u262144 alloc=1*2097152
[    0.000000] pcpu-alloc: [0] 0 1 2 3 4 5 6 7 
[    0.000000] Built 1 zonelists, mobility grouping on.  Total pages: 2034801
[    0.000000] Policy zone: Normal
[    0.000000] Kernel command line: BOOT_IMAGE=(hd0,gpt2)/vmlinuz-4.18.0-80.11.2.el8_0.x86_64 root=/dev/mapper/rhel_t420-root ro crashkernel=auto resume=/dev/mapper/rhel_t420-swap rd.lvm.lv=rhel_t420/root rd.lvm.lv=rhel_t420/swap rhgb quiet
[    0.000000] Specific versions of hardware are certified with Red Hat Enterprise Linux 8. Please see the list of hardware certified with Red Hat Enterprise Linux 8 at https://access.redhat.com/ecosystem.
[    0.000000] Memory: 3365432K/8269048K available (12292K kernel code, 2102K rwdata, 3820K rodata, 2356K init, 3320K bss, 476128K reserved, 0K cma-reserved)
[    0.000000] SLUB: HWalign=64, Order=0-3, MinObjects=0, CPUs=8, Nodes=1
[    0.000000] Kernel/User page tables isolation: enabled
[    0.000000] ftrace: allocating 34921 entries in 137 pages
[    0.000000] rcu: Hierarchical RCU implementation.
[    0.000000] rcu: 	RCU restricting CPUs from NR_CPUS=8192 to nr_cpu_ids=8.
[    0.000000] rcu: RCU calculated value of scheduler-enlistment delay is 100 jiffies.
[    0.000000] rcu: Adjusting geometry for rcu_fanout_leaf=16, nr_cpu_ids=8
[    0.000000] NR_IRQS: 524544, nr_irqs: 488, preallocated irqs: 16
[    0.000000] Console: colour dummy device 80x25
[    0.000000] console [tty0] enabled
[    0.000000] ACPI: Core revision 20180531
[    0.000000] clocksource: hpet: mask: 0xffffffff max_cycles: 0xffffffff, max_idle_ns: 133484882848 ns
[    0.000000] hpet clockevent registered
[    0.000000] APIC: Switch to symmetric I/O mode setup
[    0.000000] DMAR: Host address width 36
[    0.000000] DMAR: DRHD base: 0x000000fed90000 flags: 0x0
[    0.000000] DMAR: dmar0: reg_base_addr fed90000 ver 1:0 cap c0000020e60262 ecap f0101a
[    0.000000] DMAR: DRHD base: 0x000000fed91000 flags: 0x1
[    0.000000] DMAR: dmar1: reg_base_addr fed91000 ver 1:0 cap c9008020660262 ecap f0105a
[    0.000000] DMAR: RMRR base: 0x000000dacd5000 end: 0x000000dacebfff
[    0.000000] DMAR: RMRR base: 0x000000db800000 end: 0x000000df9fffff
[    0.000000] DMAR-IR: IOAPIC id 2 under DRHD base  0xfed91000 IOMMU 1
[    0.000000] DMAR-IR: HPET id 0 under DRHD base 0xfed91000
[    0.000000] DMAR-IR: Queued invalidation will be enabled to support x2apic and Intr-remapping.
[    0.000000] DMAR-IR: Enabled IRQ remapping in x2apic mode
[    0.000000] x2apic enabled
[    0.000000] Switched APIC routing to cluster x2apic.
[    0.000000] ..TIMER: vector=0x30 apic1=0 pin1=2 apic2=-1 pin2=-1
[    0.005000] tsc: Fast TSC calibration using PIT
[    0.006000] tsc: Detected 2492.014 MHz processor
[    0.006000] clocksource: tsc-early: mask: 0xffffffffffffffff max_cycles: 0x23ebc1bd752, max_idle_ns: 440795218032 ns
[    0.006000] Calibrating delay loop (skipped), value calculated using timer frequency.. 4984.02 BogoMIPS (lpj=2492014)
[    0.006000] pid_max: default: 32768 minimum: 301
[    0.007197] Security Framework initialized
[    0.007198] Yama: becoming mindful.
[    0.007203] SELinux:  Initializing.
[    0.007221] SELinux:  Starting in permissive mode
[    0.008606] Dentry cache hash table entries: 1048576 (order: 11, 8388608 bytes)
[    0.009246] Inode-cache hash table entries: 524288 (order: 10, 4194304 bytes)
[    0.009286] Mount-cache hash table entries: 16384 (order: 5, 131072 bytes)
[    0.009307] Mountpoint-cache hash table entries: 16384 (order: 5, 131072 bytes)
[    0.009517] Disabled fast string operations
[    0.009525] ENERGY_PERF_BIAS: Set to 'normal', was 'performance'
[    0.009525] ENERGY_PERF_BIAS: View and update with x86_energy_perf_policy(8)
[    0.009537] CPU0: Thermal monitoring enabled (TM1)
[    0.009545] process: using mwait in idle threads
[    0.009548] Last level iTLB entries: 4KB 512, 2MB 8, 4MB 8
[    0.009549] Last level dTLB entries: 4KB 512, 2MB 32, 4MB 32, 1GB 0
[    0.009549] FEATURE SPEC_CTRL Present
[    0.009550] FEATURE IBPB_SUPPORT Present
[    0.009551] Spectre V1 : Mitigation: usercopy/swapgs barriers and __user pointer sanitization
[    0.009553] Spectre V2 : Mitigation: Full generic retpoline
[    0.009553] Spectre V2 : Spectre v2 / SpectreRSB mitigation: Filling RSB on context switch
[    0.009554] Spectre V2 : Enabling Restricted Speculation for firmware calls
[    0.009563] Spectre V2 : mitigation: Enabling conditional Indirect Branch Prediction Barrier
[    0.009563] Spectre V2 : User space: Mitigation: STIBP via seccomp and prctl
[    0.009565] Speculative Store Bypass: Mitigation: Speculative Store Bypass disabled via prctl and seccomp
[    0.009598] MDS: Mitigation: Clear CPU buffers
[    0.009703] Freeing SMP alternatives memory: 32K
[    0.013399] TSC deadline timer enabled
[    0.013403] smpboot: CPU0: Intel(R) Core(TM) i5-2520M CPU @ 2.50GHz (family: 0x6, model: 0x2a, stepping: 0x7)
[    0.013508] Performance Events: PEBS fmt1+, SandyBridge events, 16-deep LBR, full-width counters, Intel PMU driver.
[    0.013531] ... version:                3
[    0.013531] ... bit width:              48
[    0.013531] ... generic registers:      4
[    0.013532] ... value mask:             0000ffffffffffff
[    0.013533] ... max period:             00007fffffffffff
[    0.013533] ... fixed-purpose events:   3
[    0.013534] ... event mask:             000000070000000f
[    0.013583] rcu: Hierarchical SRCU implementation.
[    0.014024] smp: Bringing up secondary CPUs ...
[    0.014195] NMI watchdog: Enabled. Permanently consumes one hw-PMU counter.
[    0.014296] x86: Booting SMP configuration:
[    0.014297] .... node  #0, CPUs:      #1
[    0.001000] Disabled fast string operations
[    0.015129] MDS CPU bug present and SMT on, data leak possible. See https://www.kernel.org/doc/html/latest/admin-guide/hw-vuln/mds.html for more details.
[    0.015176]  #2
[    0.001000] Disabled fast string operations
[    0.017114]  #3
[    0.001000] Disabled fast string operations
[    0.018024] smp: Brought up 1 node, 4 CPUs
[    0.018024] smpboot: Max logical packages: 2
[    0.018024] smpboot: Total of 4 processors activated (19936.11 BogoMIPS)
[    0.069011] node 0 initialised, 1106872 pages in 50ms
[    0.069267] devtmpfs: initialized
[    0.069267] x86/mm: Memory block size: 128MB
[    0.070442] PM: Registering ACPI NVS region [mem 0x00058000-0x00058fff] (4096 bytes)
[    0.070442] PM: Registering ACPI NVS region [mem 0xdae9f000-0xdaf9efff] (1048576 bytes)
[    0.070442] clocksource: jiffies: mask: 0xffffffff max_cycles: 0xffffffff, max_idle_ns: 1911260446275000 ns
[    0.070442] futex hash table entries: 2048 (order: 5, 131072 bytes)
[    0.070442] pinctrl core: initialized pinctrl subsystem
[    0.070442] NET: Registered protocol family 16
[    0.070442] audit: initializing netlink subsys (disabled)
[    0.070443] audit: type=2000 audit(1569335035.070:1): state=initialized audit_enabled=0 res=1
[    0.071012] cpuidle: using governor menu
[    0.071098] ACPI FADT declares the system doesn't support PCIe ASPM, so disable it
[    0.071099] ACPI: bus type PCI registered
[    0.071100] acpiphp: ACPI Hot Plug PCI Controller Driver version: 0.5
[    0.071347] PCI: MMCONFIG for domain 0000 [bus 00-3f] at [mem 0xf8000000-0xfbffffff] (base 0xf8000000)
[    0.071355] PCI: not using MMCONFIG
[    0.071355] PCI: Using configuration type 1 for base access
[    0.071355] core: PMU erratum BJ122, BV98, HSD29 worked around, HT is on
[    0.072623] HugeTLB registered 2.00 MiB page size, pre-allocated 0 pages
[    0.072623] cryptd: max_cpu_qlen set to 1000
[    0.072623] ACPI: Added _OSI(Module Device)
[    0.072623] ACPI: Added _OSI(Processor Device)
[    0.072623] ACPI: Added _OSI(3.0 _SCP Extensions)
[    0.072623] ACPI: Added _OSI(Processor Aggregator Device)
[    0.072623] ACPI: Added _OSI(Linux-Dell-Video)
[    0.072623] ACPI: EC: EC started
[    0.072623] ACPI: EC: interrupt blocked
[    0.073005] ACPI: \: Used as first EC
[    0.073006] ACPI: \: GPE=0x11, EC_CMD/EC_SC=0x66, EC_DATA=0x62
[    0.073007] ACPI: \: Used as boot ECDT EC to handle transactions
[    0.080763] ACPI: 6 ACPI AML tables successfully acquired and loaded
[    0.081760] ACPI: [Firmware Bug]: BIOS _OSI(Linux) query ignored
[    0.087427] ACPI: Dynamic OEM Table Load:
[    0.087435] ACPI: SSDT 0xFFFF9B4D46B50000 0008C0 (v01 PmRef  Cpu0Cst  00003001 INTL 20061109)
[    0.087594] ACPI: Dynamic OEM Table Load:
[    0.087594] ACPI: SSDT 0xFFFF9B4E55CC3000 000303 (v01 PmRef  ApIst    00003000 INTL 20061109)
[    0.088063] ACPI: Dynamic OEM Table Load:
[    0.088068] ACPI: SSDT 0xFFFF9B4D468C9C00 000119 (v01 PmRef  ApCst    00003000 INTL 20061109)
[    0.088499] ACPI: Interpreter enabled
[    0.088516] ACPI: (supports S0 S3 S4 S5)
[    0.088517] ACPI: Using IOAPIC for interrupt routing
[    0.088538] PCI: MMCONFIG for domain 0000 [bus 00-3f] at [mem 0xf8000000-0xfbffffff] (base 0xf8000000)
[    0.089132] PCI: MMCONFIG at [mem 0xf8000000-0xfbffffff] reserved in ACPI motherboard resources
[    0.089142] PCI: Using host bridge windows from ACPI; if necessary, use "pci=nocrs" and report a bug
[    0.089332] ACPI: Enabled 6 GPEs in block 00 to 3F
[    0.092770] ACPI: Power Resource [PUBS] (on)
[    0.092881] acpi PNP0C0A:01: ACPI dock station (docks/bays count: 1)
[    0.093599] acpi LNXIOBAY:00: ACPI dock station (docks/bays count: 2)
[    0.096754] ACPI: PCI Interrupt Link [LNKA] (IRQs 3 4 5 6 7 9 10 *11)
[    0.096814] ACPI: PCI Interrupt Link [LNKB] (IRQs 3 4 5 6 7 9 10 11) *0, disabled.
[    0.096871] ACPI: PCI Interrupt Link [LNKC] (IRQs 3 4 5 6 7 9 10 11) *0, disabled.
[    0.096927] ACPI: PCI Interrupt Link [LNKD] (IRQs 3 4 5 6 7 9 10 11) *0, disabled.
[    0.096984] ACPI: PCI Interrupt Link [LNKE] (IRQs 3 4 5 6 7 9 10 11) *0, disabled.
[    0.097045] ACPI: PCI Interrupt Link [LNKF] (IRQs 3 4 5 6 7 9 10 11) *0, disabled.
[    0.097101] ACPI: PCI Interrupt Link [LNKG] (IRQs 3 4 5 6 7 9 10 11) *0, disabled.
[    0.097157] ACPI: PCI Interrupt Link [LNKH] (IRQs 3 4 5 6 7 9 10 11) *0, disabled.
[    0.097236] ACPI: PCI Root Bridge [PCI0] (domain 0000 [bus 00-fe])
[    0.097240] acpi PNP0A08:00: _OSC: OS supports [ExtendedConfig ASPM ClockPM Segments MSI]
[    0.097391] acpi PNP0A08:00: _OSC: platform does not support [SHPCHotplug PCIeCapability LTR]
[    0.097460] acpi PNP0A08:00: _OSC: not requesting control; platform does not support [PCIeCapability]
[    0.097463] acpi PNP0A08:00: _OSC: OS requested [PCIeHotplug SHPCHotplug PME AER PCIeCapability LTR]
[    0.097464] acpi PNP0A08:00: _OSC: platform willing to grant [PCIeHotplug PME AER]
[    0.097466] acpi PNP0A08:00: _OSC failed (AE_SUPPORT); disabling ASPM
[    0.097476] acpi PNP0A08:00: [Firmware Info]: MMCONFIG for domain 0000 [bus 00-3f] only partially covers this bridge
[    0.097616] PCI host bridge to bus 0000:00
[    0.097618] pci_bus 0000:00: root bus resource [io  0x0000-0x0cf7 window]
[    0.097620] pci_bus 0000:00: root bus resource [io  0x0d00-0xffff window]
[    0.097621] pci_bus 0000:00: root bus resource [mem 0x000a0000-0x000bffff window]
[    0.097622] pci_bus 0000:00: root bus resource [mem 0xdfa00000-0xfebfffff window]
[    0.097624] pci_bus 0000:00: root bus resource [mem 0xfed40000-0xfed4bfff window]
[    0.097625] pci_bus 0000:00: root bus resource [bus 00-fe]
[    0.097633] pci 0000:00:00.0: [8086:0104] type 00 class 0x060000
[    0.097710] pci 0000:00:02.0: [8086:0126] type 00 class 0x030000
[    0.097720] pci 0000:00:02.0: reg 0x10: [mem 0xf0000000-0xf03fffff 64bit]
[    0.097726] pci 0000:00:02.0: reg 0x18: [mem 0xe0000000-0xefffffff 64bit pref]
[    0.097730] pci 0000:00:02.0: reg 0x20: [io  0x5000-0x503f]
[    0.097740] pci 0000:00:02.0: BAR 2: assigned to efifb
[    0.097821] pci 0000:00:16.0: [8086:1c3a] type 00 class 0x078000
[    0.097846] pci 0000:00:16.0: reg 0x10: [mem 0xf2525000-0xf252500f 64bit]
[    0.097921] pci 0000:00:16.0: PME# supported from D0 D3hot D3cold
[    0.097992] pci 0000:00:19.0: [8086:1502] type 00 class 0x020000
[    0.098014] pci 0000:00:19.0: reg 0x10: [mem 0xf2500000-0xf251ffff]
[    0.098022] pci 0000:00:19.0: reg 0x14: [mem 0xf252b000-0xf252bfff]
[    0.098031] pci 0000:00:19.0: reg 0x18: [io  0x5080-0x509f]
[    0.098092] pci 0000:00:19.0: PME# supported from D0 D3hot D3cold
[    0.098161] pci 0000:00:1a.0: [8086:1c2d] type 00 class 0x0c0320
[    0.098183] pci 0000:00:1a.0: reg 0x10: [mem 0xf252a000-0xf252a3ff]
[    0.098268] pci 0000:00:1a.0: PME# supported from D0 D3hot D3cold
[    0.098336] pci 0000:00:1b.0: [8086:1c20] type 00 class 0x040300
[    0.098358] pci 0000:00:1b.0: reg 0x10: [mem 0xf2520000-0xf2523fff 64bit]
[    0.098433] pci 0000:00:1b.0: PME# supported from D0 D3hot D3cold
[    0.098504] pci 0000:00:1c.0: [8086:1c10] type 01 class 0x060400
[    0.098635] pci 0000:00:1c.0: PME# supported from D0 D3hot D3cold
[    0.098726] pci 0000:00:1c.1: [8086:1c12] type 01 class 0x060400
[    0.098868] pci 0000:00:1c.1: PME# supported from D0 D3hot D3cold
[    0.098959] pci 0000:00:1c.3: [8086:1c16] type 01 class 0x060400
[    0.099103] pci 0000:00:1c.3: PME# supported from D0 D3hot D3cold
[    0.099195] pci 0000:00:1c.4: [8086:1c18] type 01 class 0x060400
[    0.099334] pci 0000:00:1c.4: PME# supported from D0 D3hot D3cold
[    0.099422] pci 0000:00:1d.0: [8086:1c26] type 00 class 0x0c0320
[    0.099444] pci 0000:00:1d.0: reg 0x10: [mem 0xf2529000-0xf25293ff]
[    0.099528] pci 0000:00:1d.0: PME# supported from D0 D3hot D3cold
[    0.099594] pci 0000:00:1f.0: [8086:1c4f] type 00 class 0x060100
[    0.099755] pci 0000:00:1f.2: [8086:1c03] type 00 class 0x010601
[    0.099774] pci 0000:00:1f.2: reg 0x10: [io  0x50a8-0x50af]
[    0.099782] pci 0000:00:1f.2: reg 0x14: [io  0x50b4-0x50b7]
[    0.099790] pci 0000:00:1f.2: reg 0x18: [io  0x50a0-0x50a7]
[    0.099797] pci 0000:00:1f.2: reg 0x1c: [io  0x50b0-0x50b3]
[    0.099804] pci 0000:00:1f.2: reg 0x20: [io  0x5060-0x507f]
[    0.099812] pci 0000:00:1f.2: reg 0x24: [mem 0xf2528000-0xf25287ff]
[    0.099853] pci 0000:00:1f.2: PME# supported from D3hot
[    0.099913] pci 0000:00:1f.3: [8086:1c22] type 00 class 0x0c0500
[    0.099932] pci 0000:00:1f.3: reg 0x10: [mem 0xf2524000-0xf25240ff 64bit]
[    0.099953] pci 0000:00:1f.3: reg 0x20: [io  0xefa0-0xefbf]
[    0.100078] pci 0000:00:1c.0: PCI bridge to [bus 02]
[    0.100289] pci 0000:03:00.0: [8086:0085] type 00 class 0x028000
[    0.100499] pci 0000:03:00.0: reg 0x10: [mem 0xf2400000-0xf2401fff 64bit]
[    0.101150] pci 0000:03:00.0: PME# supported from D0 D3hot D3cold
[    0.101342] pci 0000:03:00.0: 2.000 Gb/s available PCIe bandwidth, limited by 2.5 GT/s x1 link at 0000:00:1c.1 (capable of 7.876 Gb/s with 8 GT/s x1 link)
[    0.101394] pci 0000:00:1c.1: PCI bridge to [bus 03]
[    0.101403] pci 0000:00:1c.1:   bridge window [mem 0xf2400000-0xf24fffff]
[    0.101488] acpiphp: Slot [1] registered
[    0.101495] pci 0000:00:1c.3: PCI bridge to [bus 05-0c]
[    0.101500] pci 0000:00:1c.3:   bridge window [io  0x4000-0x4fff]
[    0.101505] pci 0000:00:1c.3:   bridge window [mem 0xf1c00000-0xf23fffff]
[    0.101513] pci 0000:00:1c.3:   bridge window [mem 0xf0400000-0xf0bfffff 64bit pref]
[    0.101645] pci 0000:0d:00.0: [1180:e822] type 00 class 0x088001
[    0.101672] pci 0000:0d:00.0: MMC controller base frequency changed to 50Mhz.
[    0.101708] pci 0000:0d:00.0: reg 0x10: [mem 0xf1400000-0xf14000ff]
[    0.101921] pci 0000:0d:00.0: supports D1 D2
[    0.101922] pci 0000:0d:00.0: PME# supported from D0 D1 D2 D3hot D3cold
[    0.101976] pci 0000:0d:00.0: 2.000 Gb/s available PCIe bandwidth, limited by 2.5 GT/s x1 link at 0000:00:1c.4 (capable of 7.876 Gb/s with 8 GT/s x1 link)
[    0.102024] pci 0000:00:1c.4: PCI bridge to [bus 0d]
[    0.102030] pci 0000:00:1c.4:   bridge window [io  0x3000-0x3fff]
[    0.102034] pci 0000:00:1c.4:   bridge window [mem 0xf1400000-0xf1bfffff]
[    0.102043] pci 0000:00:1c.4:   bridge window [mem 0xf0c00000-0xf13fffff 64bit pref]
[    0.103577] ACPI: EC: interrupt unblocked
[    0.103594] ACPI: EC: event unblocked
[    0.103601] ACPI: \_SB_.PCI0.LPC_.EC__: GPE=0x11, EC_CMD/EC_SC=0x66, EC_DATA=0x62
[    0.103603] ACPI: \_SB_.PCI0.LPC_.EC__: Used as boot DSDT EC to handle transactions and events
[    0.103707] pci 0000:00:02.0: vgaarb: setting as boot VGA device
[    0.103707] pci 0000:00:02.0: vgaarb: VGA device added: decodes=io+mem,owns=io+mem,locks=none
[    0.103707] pci 0000:00:02.0: vgaarb: bridge control possible
[    0.103707] vgaarb: loaded
[    0.103707] SCSI subsystem initialized
[    0.103707] ACPI: bus type USB registered
[    0.103707] usbcore: registered new interface driver usbfs
[    0.103707] usbcore: registered new interface driver hub
[    0.103707] usbcore: registered new device driver usb
[    0.103707] pps_core: LinuxPPS API ver. 1 registered
[    0.103707] pps_core: Software ver. 5.3.6 - Copyright 2005-2007 Rodolfo Giometti <giometti@linux.it>
[    0.103707] PTP clock support registered
[    0.103707] EDAC MC: Ver: 3.0.0
[    0.104089] Registered efivars operations
[    0.122183] PCI: Using ACPI for IRQ routing
[    0.124639] PCI: pci_cache_line_size set to 64 bytes
[    0.124819] e820: reserve RAM buffer [mem 0x00058000-0x0005ffff]
[    0.124820] e820: reserve RAM buffer [mem 0xd5e4c018-0xd7ffffff]
[    0.124821] e820: reserve RAM buffer [mem 0xd5e5c018-0xd7ffffff]
[    0.124822] e820: reserve RAM buffer [mem 0xda99f000-0xdbffffff]
[    0.124823] e820: reserve RAM buffer [mem 0xdb000000-0xdbffffff]
[    0.124824] e820: reserve RAM buffer [mem 0x21e600000-0x21fffffff]
[    0.124915] NetLabel: Initializing
[    0.124916] NetLabel:  domain hash size = 128
[    0.124916] NetLabel:  protocols = UNLABELED CIPSOv4 CALIPSO
[    0.124928] NetLabel:  unlabeled traffic allowed by default
[    0.125016] hpet0: at MMIO 0xfed00000, IRQs 2, 8, 0, 0, 0, 0, 0, 0
[    0.125022] hpet0: 8 comparators, 64-bit 14.318180 MHz counter
[    0.127015] clocksource: Switched to clocksource tsc-early
[    0.138829] VFS: Disk quotas dquot_6.6.0
[    0.138844] VFS: Dquot-cache hash table entries: 512 (order 0, 4096 bytes)
[    0.138904] pnp: PnP ACPI init
[    0.139310] system 00:00: [mem 0x00000000-0x0009ffff] could not be reserved
[    0.139312] system 00:00: [mem 0x000c0000-0x000c3fff] could not be reserved
[    0.139313] system 00:00: [mem 0x000c4000-0x000c7fff] could not be reserved
[    0.139315] system 00:00: [mem 0x000c8000-0x000cbfff] has been reserved
[    0.139316] system 00:00: [mem 0x000cc000-0x000cffff] has been reserved
[    0.139318] system 00:00: [mem 0x000d0000-0x000d3fff] has been reserved
[    0.139319] system 00:00: [mem 0x000d4000-0x000d7fff] has been reserved
[    0.139320] system 00:00: [mem 0x000d8000-0x000dbfff] has been reserved
[    0.139322] system 00:00: [mem 0x000dc000-0x000dffff] has been reserved
[    0.139323] system 00:00: [mem 0x000e0000-0x000e3fff] has been reserved
[    0.139325] system 00:00: [mem 0x000e4000-0x000e7fff] has been reserved
[    0.139326] system 00:00: [mem 0x000e8000-0x000ebfff] has been reserved
[    0.139327] system 00:00: [mem 0x000ec000-0x000effff] has been reserved
[    0.139329] system 00:00: [mem 0x000f0000-0x000fffff] could not be reserved
[    0.139330] system 00:00: [mem 0x00100000-0xdf9fffff] could not be reserved
[    0.139332] system 00:00: [mem 0xfec00000-0xfed3ffff] could not be reserved
[    0.139334] system 00:00: [mem 0xfed4c000-0xffffffff] could not be reserved
[    0.139339] system 00:00: Plug and Play ACPI device, IDs PNP0c01 (active)
[    0.139435] system 00:01: [io  0x0400-0x047f] has been reserved
[    0.139436] system 00:01: [io  0x0500-0x057f] has been reserved
[    0.139438] system 00:01: [io  0x0800-0x080f] has been reserved
[    0.139439] system 00:01: [io  0x15e0-0x15ef] has been reserved
[    0.139441] system 00:01: [io  0x1600-0x167f] has been reserved
[    0.139443] system 00:01: [mem 0xf8000000-0xfbffffff] could not be reserved
[    0.139445] system 00:01: [mem 0x00000000-0x00000fff] could not be reserved
[    0.139446] system 00:01: [mem 0xfed1c000-0xfed1ffff] has been reserved
[    0.139448] system 00:01: [mem 0xfed10000-0xfed13fff] has been reserved
[    0.139449] system 00:01: [mem 0xfed18000-0xfed18fff] has been reserved
[    0.139451] system 00:01: [mem 0xfed19000-0xfed19fff] has been reserved
[    0.139452] system 00:01: [mem 0xfed45000-0xfed4bfff] has been reserved
[    0.139456] system 00:01: Plug and Play ACPI device, IDs PNP0c02 (active)
[    0.139501] pnp 00:02: Plug and Play ACPI device, IDs PNP0b00 (active)
[    0.139518] pnp 00:03: Plug and Play ACPI device, IDs PNP0303 (active)
[    0.139535] pnp 00:04: Plug and Play ACPI device, IDs LEN0015 PNP0f13 (active)
[    0.139572] pnp 00:05: Plug and Play ACPI device, IDs SMO1200 PNP0c31 (active)
[    0.140027] pnp: PnP ACPI: found 6 devices
[    0.145669] clocksource: acpi_pm: mask: 0xffffff max_cycles: 0xffffff, max_idle_ns: 2085701024 ns
[    0.145686] pci 0000:00:1c.0: bridge window [io  0x1000-0x0fff] to [bus 02] add_size 1000
[    0.145689] pci 0000:00:1c.0: bridge window [mem 0x00100000-0x000fffff 64bit pref] to [bus 02] add_size 200000 add_align 100000
[    0.145691] pci 0000:00:1c.0: bridge window [mem 0x00100000-0x000fffff] to [bus 02] add_size 200000 add_align 100000
[    0.145732] pci 0000:00:1c.0: BAR 14: assigned [mem 0xdfa00000-0xdfbfffff]
[    0.145736] pci 0000:00:1c.0: BAR 15: assigned [mem 0xdfc00000-0xdfdfffff 64bit pref]
[    0.145738] pci 0000:00:1c.0: BAR 13: assigned [io  0x2000-0x2fff]
[    0.145742] pci 0000:00:1c.0: PCI bridge to [bus 02]
[    0.145745] pci 0000:00:1c.0:   bridge window [io  0x2000-0x2fff]
[    0.145752] pci 0000:00:1c.0:   bridge window [mem 0xdfa00000-0xdfbfffff]
[    0.145757] pci 0000:00:1c.0:   bridge window [mem 0xdfc00000-0xdfdfffff 64bit pref]
[    0.145766] pci 0000:00:1c.1: PCI bridge to [bus 03]
[    0.145772] pci 0000:00:1c.1:   bridge window [mem 0xf2400000-0xf24fffff]
[    0.145784] pci 0000:00:1c.3: PCI bridge to [bus 05-0c]
[    0.145787] pci 0000:00:1c.3:   bridge window [io  0x4000-0x4fff]
[    0.145793] pci 0000:00:1c.3:   bridge window [mem 0xf1c00000-0xf23fffff]
[    0.145798] pci 0000:00:1c.3:   bridge window [mem 0xf0400000-0xf0bfffff 64bit pref]
[    0.145806] pci 0000:00:1c.4: PCI bridge to [bus 0d]
[    0.145809] pci 0000:00:1c.4:   bridge window [io  0x3000-0x3fff]
[    0.145816] pci 0000:00:1c.4:   bridge window [mem 0xf1400000-0xf1bfffff]
[    0.145820] pci 0000:00:1c.4:   bridge window [mem 0xf0c00000-0xf13fffff 64bit pref]
[    0.145830] pci_bus 0000:00: resource 4 [io  0x0000-0x0cf7 window]
[    0.145831] pci_bus 0000:00: resource 5 [io  0x0d00-0xffff window]
[    0.145833] pci_bus 0000:00: resource 6 [mem 0x000a0000-0x000bffff window]
[    0.145834] pci_bus 0000:00: resource 7 [mem 0xdfa00000-0xfebfffff window]
[    0.145835] pci_bus 0000:00: resource 8 [mem 0xfed40000-0xfed4bfff window]
[    0.145837] pci_bus 0000:02: resource 0 [io  0x2000-0x2fff]
[    0.145838] pci_bus 0000:02: resource 1 [mem 0xdfa00000-0xdfbfffff]
[    0.145839] pci_bus 0000:02: resource 2 [mem 0xdfc00000-0xdfdfffff 64bit pref]
[    0.145841] pci_bus 0000:03: resource 1 [mem 0xf2400000-0xf24fffff]
[    0.145842] pci_bus 0000:05: resource 0 [io  0x4000-0x4fff]
[    0.145843] pci_bus 0000:05: resource 1 [mem 0xf1c00000-0xf23fffff]
[    0.145845] pci_bus 0000:05: resource 2 [mem 0xf0400000-0xf0bfffff 64bit pref]
[    0.145846] pci_bus 0000:0d: resource 0 [io  0x3000-0x3fff]
[    0.145848] pci_bus 0000:0d: resource 1 [mem 0xf1400000-0xf1bfffff]
[    0.145849] pci_bus 0000:0d: resource 2 [mem 0xf0c00000-0xf13fffff 64bit pref]
[    0.145923] NET: Registered protocol family 2
[    0.146129] tcp_listen_portaddr_hash hash table entries: 4096 (order: 4, 65536 bytes)
[    0.146161] TCP established hash table entries: 65536 (order: 7, 524288 bytes)
[    0.146292] TCP bind hash table entries: 65536 (order: 8, 1048576 bytes)
[    0.146412] TCP: Hash tables configured (established 65536 bind 65536)
[    0.146460] UDP hash table entries: 4096 (order: 5, 131072 bytes)
[    0.146487] UDP-Lite hash table entries: 4096 (order: 5, 131072 bytes)
[    0.146584] NET: Registered protocol family 1
[    0.146589] NET: Registered protocol family 44
[    0.146600] pci 0000:00:02.0: Video device with shadowed ROM at [mem 0x000c0000-0x000dffff]
[    0.146967] PCI: CLS 64 bytes, default 64
[    0.147029] Unpacking initramfs...
[    0.545372] Freeing initrd memory: 25916K
[    0.550040] PCI-DMA: Using software bounce buffering for IO (SWIOTLB)
[    0.550045] software IO TLB: mapped [mem 0xcfda0000-0xd3da0000] (64MB)
[    0.551433] Initialise system trusted keyrings
[    0.551438] Key type blacklist registered
[    0.551462] workingset: timestamp_bits=36 max_order=21 bucket_order=0
[    0.552603] zbud: loaded
[    0.552886] pstore: using deflate compression
[    0.552936] SELinux:  Registering netfilter hooks
[    0.553182] Platform Keyring initialized
[    0.606341] NET: Registered protocol family 38
[    0.606344] Key type asymmetric registered
[    0.606346] Asymmetric key parser 'x509' registered
[    0.606360] Block layer SCSI generic (bsg) driver version 0.4 loaded (major 246)
[    0.606391] io scheduler mq-deadline registered
[    0.606392] io scheduler kyber registered
[    0.606427] io scheduler bfq registered
[    0.606483] atomic64_test: passed for x86-64 platform with CX8 and with SSE
[    0.606554] pcieport 0000:00:1c.0: enabling device (0000 -> 0003)
[    0.607080] shpchp: Standard Hot Plug PCI Controller Driver version: 0.4
[    0.607110] efifb: probing for efifb
[    0.607123] efifb: framebuffer at 0xe0000000, using 1200k, total 1200k
[    0.607124] efifb: mode is 640x480x32, linelength=2560, pages=1
[    0.607125] efifb: scrolling: redraw
[    0.607126] efifb: Truecolor: size=8:8:8:8, shift=24:16:8:0
[    0.607981] Console: switching to colour frame buffer device 80x30
[    0.608708] fb0: EFI VGA frame buffer device
[    0.608717] intel_idle: MWAIT substates: 0x21120
[    0.608718] intel_idle: v0.4.1 model 0x2A
[    0.608852] intel_idle: lapic_timer_reliable_states 0xffffffff
[    0.609172] ACPI: AC Adapter [AC] (on-line)
[    0.609219] input: Lid Switch as /devices/LNXSYSTM:00/LNXSYBUS:00/PNP0C0D:00/input/input0
[    0.609234] ACPI: Lid Switch [LID]
[    0.609274] input: Sleep Button as /devices/LNXSYSTM:00/LNXSYBUS:00/PNP0C0E:00/input/input1
[    0.609287] ACPI: Sleep Button [SLPB]
[    0.609323] input: Power Button as /devices/LNXSYSTM:00/LNXPWRBN:00/input/input2
[    0.609333] ACPI: Power Button [PWRF]
[    0.610851] thermal LNXTHERM:00: registered as thermal_zone0
[    0.610852] ACPI: Thermal Zone [THM0] (52 C)
[    0.610948] Serial: 8250/16550 driver, 4 ports, IRQ sharing enabled
[    0.611508] Non-volatile memory driver v1.3
[    0.611541] Linux agpgart interface v0.103
[    0.621065] tpm_tis 00:05: 1.2 TPM (device-id 0x0, rev-id 78)
[    0.624533] ACPI: Battery Slot [BAT0] (battery present)
[    0.656606] rdac: device handler registered
[    0.656674] hp_sw: device handler registered
[    0.656675] emc: device handler registered
[    0.656720] alua: device handler registered
[    0.656751] libphy: Fixed MDIO Bus: probed
[    0.656792] ehci_hcd: USB 2.0 'Enhanced' Host Controller (EHCI) Driver
[    0.656795] ehci-pci: EHCI PCI platform driver
[    0.656883] ehci-pci 0000:00:1a.0: EHCI Host Controller
[    0.656922] ehci-pci 0000:00:1a.0: new USB bus registered, assigned bus number 1
[    0.656934] ehci-pci 0000:00:1a.0: debug port 2
[    0.660835] ehci-pci 0000:00:1a.0: cache line size of 64 is not supported
[    0.660851] ehci-pci 0000:00:1a.0: irq 16, io mem 0xf252a000
[    0.667100] ehci-pci 0000:00:1a.0: USB 2.0 started, EHCI 1.00
[    0.667215] usb usb1: New USB device found, idVendor=1d6b, idProduct=0002, bcdDevice= 4.18
[    0.667217] usb usb1: New USB device strings: Mfr=3, Product=2, SerialNumber=1
[    0.667218] usb usb1: Product: EHCI Host Controller
[    0.667220] usb usb1: Manufacturer: Linux 4.18.0-80.11.2.el8_0.x86_64 ehci_hcd
[    0.667221] usb usb1: SerialNumber: 0000:00:1a.0
[    0.667364] hub 1-0:1.0: USB hub found
[    0.667370] hub 1-0:1.0: 3 ports detected
[    0.667598] ehci-pci 0000:00:1d.0: EHCI Host Controller
[    0.667638] ehci-pci 0000:00:1d.0: new USB bus registered, assigned bus number 2
[    0.667652] ehci-pci 0000:00:1d.0: debug port 2
[    0.671544] ehci-pci 0000:00:1d.0: cache line size of 64 is not supported
[    0.671560] ehci-pci 0000:00:1d.0: irq 23, io mem 0xf2529000
[    0.678085] ehci-pci 0000:00:1d.0: USB 2.0 started, EHCI 1.00
[    0.678176] usb usb2: New USB device found, idVendor=1d6b, idProduct=0002, bcdDevice= 4.18
[    0.678178] usb usb2: New USB device strings: Mfr=3, Product=2, SerialNumber=1
[    0.678179] usb usb2: Product: EHCI Host Controller
[    0.678180] usb usb2: Manufacturer: Linux 4.18.0-80.11.2.el8_0.x86_64 ehci_hcd
[    0.678181] usb usb2: SerialNumber: 0000:00:1d.0
[    0.678276] hub 2-0:1.0: USB hub found
[    0.678281] hub 2-0:1.0: 3 ports detected
[    0.678388] ohci_hcd: USB 1.1 'Open' Host Controller (OHCI) Driver
[    0.678391] ohci-pci: OHCI PCI platform driver
[    0.678400] uhci_hcd: USB Universal Host Controller Interface driver
[    0.678439] usbcore: registered new interface driver usbserial_generic
[    0.678443] usbserial: USB Serial support registered for generic
[    0.678482] i8042: PNP: PS/2 Controller [PNP0303:KBD,PNP0f13:MOU] at 0x60,0x64 irq 1,12
[    0.681569] serio: i8042 KBD port at 0x60,0x64 irq 1
[    0.681573] serio: i8042 AUX port at 0x60,0x64 irq 12
[    0.681648] mousedev: PS/2 mouse device common for all mice
[    0.681769] rtc_cmos 00:02: RTC can wake from S4
[    0.681920] rtc_cmos 00:02: registered as rtc0
[    0.681934] rtc_cmos 00:02: alarms up to one month, y3k, 114 bytes nvram, hpet irqs
[    0.681944] intel_pstate: Intel P-state driver initializing
[    0.682185] EFI Variables Facility v0.08 2004-May-17
[    0.685398] input: AT Translated Set 2 keyboard as /devices/platform/i8042/serio0/input/input3
[    0.701994] hidraw: raw HID events driver (C) Jiri Kosina
[    0.702032] usbcore: registered new interface driver usbhid
[    0.702032] usbhid: USB HID core driver
[    0.702106] drop_monitor: Initializing network drop monitor service
[    0.702158] Initializing XFRM netlink socket
[    0.702251] NET: Registered protocol family 10
[    0.702437] Segment Routing with IPv6
[    0.702452] NET: Registered protocol family 17
[    0.702454] mpls_gso: MPLS GSO support
[    0.702613] mce: Using 7 MCE banks
[    0.702623] RAS: Correctable Errors collector initialized.
[    0.702640] microcode: sig=0x206a7, pf=0x10, revision=0x2f
[    0.702667] microcode: Microcode Update Driver: v2.2.
[    0.702675] AVX version of gcm_enc/dec engaged.
[    0.702675] AES CTR mode by8 optimization enabled
[    0.717437] sched_clock: Marking stable (717430927, 0)->(718985897, -1554970)
[    0.717617] registered taskstats version 1
[    0.717625] Loading compiled-in X.509 certificates
[    0.757683] Loaded X.509 cert 'Red Hat Enterprise Linux kernel signing key: 16e419f898f87bec60ae6c88fcf6147206cfaaf3'
[    0.758133] Loaded X.509 cert 'Red Hat Enterprise Linux Driver Update Program (key 3): bf57f3e87362bc7229d9f465321773dfd1f77a80'
[    0.758550] Loaded X.509 cert 'Red Hat Enterprise Linux kpatch signing key: 4d38fd864ebe18c5f0b72e3852e2014c3a676fc8'
[    0.758571] zswap: loaded using pool lzo/zbud
[    0.763506] Key type big_key registered
[    0.765828] Key type trusted registered
[    0.768196] Key type encrypted registered
[    0.768544] Couldn't get size: 0x800000000000000e
[    0.768568] MODSIGN: Couldn't get UEFI db list
[    0.768930] integrity: Loading X.509 certificate: UEFI:MokListRT
[    0.769173] integrity: Loaded X.509 cert 'Red Hat Secure Boot (CA key 1): 4016841644ce3a810408050766e8f8a29c65f85c'
[    0.769333] Couldn't get size: 0x800000000000000e
[    0.769351] Couldn't get UEFI dbx list
[    0.774193] ima: Allocated hash algorithm: sha1
[    0.824168] evm: Initialising EVM extended attributes:
[    0.824168] evm: security.selinux
[    0.824169] evm: security.ima
[    0.824169] evm: security.capability
[    0.824170] evm: HMAC attrs: 0x1
[    0.824488] rtc_cmos 00:02: setting system clock to 2019-09-24 14:23:56 UTC (1569335036)
[    0.986081] usb 1-1: new high-speed USB device number 2 using ehci-pci
[    1.002083] usb 2-1: new high-speed USB device number 2 using ehci-pci
[    1.114656] usb 1-1: New USB device found, idVendor=8087, idProduct=0024, bcdDevice= 0.00
[    1.114663] usb 1-1: New USB device strings: Mfr=0, Product=0, SerialNumber=0
[    1.114945] hub 1-1:1.0: USB hub found
[    1.115002] hub 1-1:1.0: 6 ports detected
[    1.130666] usb 2-1: New USB device found, idVendor=8087, idProduct=0024, bcdDevice= 0.00
[    1.130674] usb 2-1: New USB device strings: Mfr=0, Product=0, SerialNumber=0
[    1.131034] hub 2-1:1.0: USB hub found
[    1.131192] hub 2-1:1.0: 8 ports detected
[    1.196180] random: fast init done
[    1.392123] usb 1-1.6: new high-speed USB device number 3 using ehci-pci
[    1.476865] usb 1-1.6: New USB device found, idVendor=04f2, idProduct=b221, bcdDevice= 7.52
[    1.476872] usb 1-1.6: New USB device strings: Mfr=1, Product=2, SerialNumber=0
[    1.476877] usb 1-1.6: Product: Integrated Camera
[    1.476881] usb 1-1.6: Manufacturer: Chicony Electronics Co., Ltd.
[    1.500629] psmouse serio1: synaptics: queried max coordinates: x [..5888], y [..4820]
[    1.568087] tsc: Refined TSC clocksource calibration: 2491.904 MHz
[    1.568112] clocksource: tsc: mask: 0xffffffffffffffff max_cycles: 0x23eb59c9ee2, max_idle_ns: 440795321417 ns
[    1.568195] clocksource: Switched to clocksource tsc
[    1.581571] psmouse serio1: synaptics: Touchpad model: 1, fw: 7.2, id: 0x1c0b1, caps: 0xd047b1/0xb40000/0xa0000/0x0, board id: 0, fw id: 578367
[    1.581577] psmouse serio1: synaptics: serio: Synaptics pass-through port at isa0060/serio1/input0
[    1.633548] input: SynPS/2 Synaptics TouchPad as /devices/platform/i8042/serio1/input/input5
[    2.391952] psmouse serio2: trackpoint: IBM TrackPoint firmware: 0x0e, buttons: 3/3
[    2.666269] input: TPPS/2 IBM TrackPoint as /devices/platform/i8042/serio1/serio2/input/input6
[    2.770841] Freeing unused kernel memory: 2356K
[    2.778108] Write protecting the kernel read-only data: 18432k
[    2.778672] Freeing unused kernel memory: 2020K
[    2.779206] Freeing unused kernel memory: 276K
[    2.826435] systemd[1]: systemd 239 running in system mode. (+PAM +AUDIT +SELINUX +IMA -APPARMOR +SMACK +SYSVINIT +UTMP +LIBCRYPTSETUP +GCRYPT +GNUTLS +ACL +XZ +LZ4 +SECCOMP +BLKID +ELFUTILS +KMOD +IDN2 -IDN +PCRE2 default-hierarchy=legacy)
[    2.838142] systemd[1]: Detected architecture x86-64.
[    2.838158] systemd[1]: Running in initial RAM disk.
[    2.839991] systemd[1]: Set hostname to <t420.hostetler>.
[    2.887274] random: systemd: uninitialized urandom read (16 bytes read)
[    2.887288] systemd[1]: Reached target Timers.
[    2.887328] random: systemd: uninitialized urandom read (16 bytes read)
[    2.887334] systemd[1]: Reached target Swap.
[    2.887348] random: systemd: uninitialized urandom read (16 bytes read)
[    2.887401] systemd[1]: Listening on udev Kernel Socket.
[    2.888143] systemd[1]: Created slice system-systemd\x2dhibernate\x2dresume.slice.
[    2.888162] systemd[1]: Reached target Slices.
[    2.888247] systemd[1]: Listening on Journal Socket (/dev/log).
[    3.080116] device-mapper: uevent: version 1.0.3
[    3.080174] device-mapper: ioctl: 4.39.0-ioctl (2018-04-03) initialised: dm-devel@redhat.com
[    3.250809] sdhci: Secure Digital Host Controller Interface driver
[    3.250810] sdhci: Copyright(c) Pierre Ossman
[    3.260275] sdhci-pci 0000:0d:00.0: SDHCI controller found [1180:e822] (rev 8)
[    3.260868] mmc0 bounce up to 128 segments into one, max segment size 65536 bytes
[    3.261154] mmc0: SDHCI controller on PCI [0000:0d:00.0] using DMA
[    3.273367] libata version 3.00 loaded.
[    3.283493] ahci 0000:00:1f.2: version 3.0
[    3.283695] ahci 0000:00:1f.2: SSS flag set, parallel bus scan disabled
[    3.284878] e1000e: Intel(R) PRO/1000 Network Driver - 3.2.6-k
[    3.284880] e1000e: Copyright(c) 1999 - 2015 Intel Corporation.
[    3.285066] e1000e 0000:00:19.0: Interrupt Throttling Rate (ints/sec) set to dynamic conservative mode
[    3.294955] ahci 0000:00:1f.2: AHCI 0001.0300 32 slots 6 ports 6 Gbps 0x1b impl SATA mode
[    3.294959] ahci 0000:00:1f.2: flags: 64bit ncq sntf ilck stag pm led clo pio slum part ems sxs apst 
[    3.304757] scsi host0: ahci
[    3.304935] scsi host1: ahci
[    3.305659] scsi host2: ahci
[    3.305845] scsi host3: ahci
[    3.305985] scsi host4: ahci
[    3.306774] scsi host5: ahci
[    3.306863] ata1: SATA max UDMA/133 abar m2048@0xf2528000 port 0xf2528100 irq 26
[    3.306866] ata2: SATA max UDMA/133 abar m2048@0xf2528000 port 0xf2528180 irq 26
[    3.306868] ata3: DUMMY
[    3.306871] ata4: SATA max UDMA/133 abar m2048@0xf2528000 port 0xf2528280 irq 26
[    3.306873] ata5: SATA max UDMA/133 abar m2048@0xf2528000 port 0xf2528300 irq 26
[    3.306874] ata6: DUMMY
[    3.385722] e1000e 0000:00:19.0 0000:00:19.0 (uninitialized): registered PHC clock
[    3.414561] checking generic (e0000000 12c000) vs hw (e0000000 10000000)
[    3.414563] fb: switching to inteldrmfb from EFI VGA
[    3.414592] Console: switching to colour dummy device 80x25
[    3.414681] [drm] Replacing VGA console driver
[    3.415160] [drm] Supports vblank timestamp caching Rev 2 (21.10.2013).
[    3.415161] [drm] Driver supports precise vblank timestamp query.
[    3.415379] i915 0000:00:02.0: vgaarb: changed VGA decodes: olddecodes=io+mem,decodes=io+mem:owns=io+mem
[    3.448463] [drm] Initialized i915 1.6.0 20180514 for 0000:00:02.0 on minor 0
[    3.449057] ACPI: Video Device [VID] (multi-head: yes  rom: no  post: no)
[    3.450227] acpi device:00: registered as cooling_device4
[    3.450280] input: Video Bus as /devices/LNXSYSTM:00/LNXSYBUS:00/PNP0A08:00/LNXVIDEO:00/input/input7
[    3.477266] e1000e 0000:00:19.0 eth0: (PCI Express:2.5GT/s:Width x1) 00:21:cc:72:4f:1f
[    3.477269] e1000e 0000:00:19.0 eth0: Intel(R) PRO/1000 Network Connection
[    3.477324] e1000e 0000:00:19.0 eth0: MAC: 10, PHY: 11, PBA No: 1000FF-0FF
[    3.478433] e1000e 0000:00:19.0 enp0s25: renamed from eth0
[    3.613635] ata1: SATA link up 3.0 Gbps (SStatus 123 SControl 300)
[    3.614110] ata1.00: ACPI cmd ef/02:00:00:00:00:a0 (SET FEATURES) succeeded
[    3.614113] ata1.00: ACPI cmd f5/00:00:00:00:00:a0 (SECURITY FREEZE LOCK) filtered out
[    3.614114] ata1.00: ACPI cmd ef/10:03:00:00:00:a0 (SET FEATURES) filtered out
[    3.614379] ata1.00: ATA-8: INTEL SSDSA2BW160G3H, 4PC10365, max UDMA/133
[    3.614380] ata1.00: 312581808 sectors, multi 1: LBA48 NCQ (depth 32)
[    3.614805] ata1.00: ACPI cmd ef/02:00:00:00:00:a0 (SET FEATURES) succeeded
[    3.614807] ata1.00: ACPI cmd f5/00:00:00:00:00:a0 (SECURITY FREEZE LOCK) filtered out
[    3.614809] ata1.00: ACPI cmd ef/10:03:00:00:00:a0 (SET FEATURES) filtered out
[    3.615080] ata1.00: configured for UDMA/133
[    3.615259] scsi 0:0:0:0: Direct-Access     ATA      INTEL SSDSA2BW16 0365 PQ: 0 ANSI: 5
[    3.615778] fbcon: inteldrmfb (fb0) is primary device
[    3.926931] ata2: SATA link up 1.5 Gbps (SStatus 113 SControl 300)
[    3.929907] ata2.00: ACPI cmd e3/00:79:00:00:00:a0 (IDLE) succeeded
[    3.930466] ata2.00: ACPI cmd e3/00:01:00:00:00:a0 (IDLE) succeeded
[    3.930468] ata2.00: ACPI cmd ef/10:03:00:00:00:a0 (SET FEATURES) filtered out
[    3.932386] ata2.00: ATAPI: Optiarc DVD ROM DDU7710H, 1RS0, max UDMA/100
[    3.935879] ata2.00: ACPI cmd e3/00:79:00:00:00:a0 (IDLE) succeeded
[    3.936181] ata2.00: ACPI cmd e3/00:01:00:00:00:a0 (IDLE) succeeded
[    3.936183] ata2.00: ACPI cmd ef/10:03:00:00:00:a0 (SET FEATURES) filtered out
[    3.938029] ata2.00: configured for UDMA/100
[    3.941443] scsi 1:0:0:0: CD-ROM            Optiarc  DVD ROM DDU7710H 1RS0 PQ: 0 ANSI: 5
[    4.270981] ata4: SATA link down (SStatus 0 SControl 300)
[    4.486369] Console: switching to colour frame buffer device 200x56
[    4.505863] i915 0000:00:02.0: fb0: inteldrmfb frame buffer device
[    4.581668] ata5: SATA link down (SStatus 0 SControl 300)
[    4.600682] ata1.00: Enabling discard_zeroes_data
[    4.600758] sd 0:0:0:0: [sda] 312581808 512-byte logical blocks: (160 GB/149 GiB)
[    4.600772] sd 0:0:0:0: [sda] Write Protect is off
[    4.600775] sd 0:0:0:0: [sda] Mode Sense: 00 3a 00 00
[    4.600795] sd 0:0:0:0: [sda] Write cache: enabled, read cache: enabled, doesn't support DPO or FUA
[    4.600934] ata1.00: Enabling discard_zeroes_data
[    4.605764]  sda: sda1 sda2 sda3
[    4.606181] ata1.00: Enabling discard_zeroes_data
[    4.606320] sd 0:0:0:0: [sda] Attached SCSI disk
[    4.626790] sr 1:0:0:0: [sr0] scsi3-mmc drive: 24x/24x cd/rw xa/form2 cdda tray
[    4.626793] cdrom: Uniform CD-ROM driver Revision: 3.20
[    4.627114] sr 1:0:0:0: Attached scsi CD-ROM sr0
[    5.039362] PM: Image not found (code -22)
[    5.186451] SGI XFS with ACLs, security attributes, no debug enabled
[    5.189801] XFS (dm-0): Mounting V5 Filesystem
[    5.218898] XFS (dm-0): Ending clean mount
[    5.552665] systemd-journald[207]: Received SIGTERM from PID 1 (systemd).
[    5.577402] systemd: 12 output lines suppressed due to ratelimiting
[    5.728742] audit: type=1404 audit(1569335041.402:2): enforcing=1 old_enforcing=0 auid=4294967295 ses=4294967295 enabled=1 old-enabled=1 lsm=selinux res=1
[    5.775702] SELinux: 32768 avtab hash slots, 118053 rules.
[    5.789756] SELinux: 32768 avtab hash slots, 118053 rules.
[    6.121864] SELinux:  Class bpf not defined in policy.
[    6.121866] SELinux:  Class xdp_socket not defined in policy.
[    6.121867] SELinux: the above unknown classes and permissions will be allowed
[    6.121870] SELinux:  policy capability network_peer_controls=1
[    6.121870] SELinux:  policy capability open_perms=1
[    6.121871] SELinux:  policy capability extended_socket_class=1
[    6.121871] SELinux:  policy capability always_check_network=0
[    6.121872] SELinux:  policy capability cgroup_seclabel=1
[    6.121872] SELinux:  policy capability nnp_nosuid_transition=1
[    6.121873] SELinux:  Completing initialization.
[    6.121873] SELinux:  Setting up existing superblocks.
[    6.139051] audit: type=1403 audit(1569335041.813:3): auid=4294967295 ses=4294967295 lsm=selinux res=1
[    6.141174] systemd[1]: Successfully loaded SELinux policy in 413.083ms.
[    6.181860] systemd[1]: Failed to insert module 'ip_tables': Operation not permitted
[    6.212007] systemd[1]: Relabelled /dev, /run and /sys/fs/cgroup in 24.181ms.
[    6.214992] systemd[1]: systemd 239 running in system mode. (+PAM +AUDIT +SELINUX +IMA -APPARMOR +SMACK +SYSVINIT +UTMP +LIBCRYPTSETUP +GCRYPT +GNUTLS +ACL +XZ +LZ4 +SECCOMP +BLKID +ELFUTILS +KMOD +IDN2 -IDN +PCRE2 default-hierarchy=legacy)
[    6.227255] systemd[1]: Detected architecture x86-64.
[    6.230284] systemd[1]: Set hostname to <t420.hostetler>.
[    6.545374] systemd[1]: Stopped Switch Root.
[    6.545730] systemd[1]: systemd-journald.service: Service has no hold-off time (RestartSec=0), scheduling restart.
[    6.545813] systemd[1]: systemd-journald.service: Scheduled restart job, restart counter is at 1.
[    6.545824] systemd[1]: Stopped Journal Service.
[    6.546591] systemd[1]: Starting Journal Service...
[    6.546893] systemd[1]: Created slice system-systemd\x2dfsck.slice.
[    6.547171] systemd[1]: Created slice Virtual Machine and Container Slice.
[    6.600674] Adding 8175612k swap on /dev/mapper/rhel_t420-swap.  Priority:-2 extents:1 across:8175612k SSFS
[    6.638864] systemd-journald[642]: Received request to flush runtime journal from PID 1
[    6.903985] acpi PNP0C14:01: duplicate WMI GUID 05901221-D566-11D1-B2F0-00A0C9062910 (first instance was on PNP0C14:00)
[    6.950021] i801_smbus 0000:00:1f.3: SMBus using PCI interrupt
[    6.958220] thinkpad_acpi: ThinkPad ACPI Extras v0.26
[    6.958221] thinkpad_acpi: http://ibm-acpi.sf.net/
[    6.958222] thinkpad_acpi: ThinkPad BIOS 83ET82WW (1.52 ), EC unknown
[    6.958223] thinkpad_acpi: Lenovo ThinkPad T420, model 4180AP3
[    6.966461] thinkpad_acpi: radio switch found; radios are enabled
[    6.966484] thinkpad_acpi: This ThinkPad has standard ACPI backlight brightness control, supported by the ACPI video driver
[    6.966484] thinkpad_acpi: Disabling thinkpad-acpi brightness events by default...
[    6.969332] thinkpad_acpi: Standard ACPI backlight interface available, not loading native one
[    6.974012] thinkpad_acpi: battery 1 registered (start 0, stop 100)
[    6.974021] battery: new extension: ThinkPad Battery Extension
[    6.974072] input: ThinkPad Extra Buttons as /devices/platform/thinkpad_acpi/input/input8
[    6.994862] input: PC Speaker as /devices/platform/pcspkr/input/input9
[    7.021711] sd 0:0:0:0: Attached scsi generic sg0 type 0
[    7.021758] sr 1:0:0:0: Attached scsi generic sg1 type 5
[    7.028212] RAPL PMU: API unit is 2^-32 Joules, 3 fixed counters, 163840 ms ovfl timer
[    7.028214] RAPL PMU: hw unit of domain pp0-core 2^-16 Joules
[    7.028215] RAPL PMU: hw unit of domain package 2^-16 Joules
[    7.028215] RAPL PMU: hw unit of domain pp1-gpu 2^-16 Joules
[    7.032616] cfg80211: Loading compiled-in X.509 certificates for regulatory database
[    7.033650] cfg80211: Loaded X.509 cert 'sforshee: 00b28ddf47aef9cea7'
[    7.037701] platform regulatory.0: Direct firmware load for regulatory.db failed with error -2
[    7.037705] cfg80211: failed to load regulatory.db
[    7.133968] Intel(R) Wireless WiFi driver for Linux
[    7.133970] Copyright(c) 2003- 2015 Intel Corporation
[    7.134338] videodev: Linux video capture interface: v2.00
[    7.145508] iwlwifi 0000:03:00.0: loaded firmware version 18.168.6.1 op_mode iwldvm
[    7.180842] gpio_ich: GPIO from 436 to 511 on gpio_ich
[    7.185096] iTCO_vendor_support: vendor-support=0
[    7.188344] iTCO_wdt: Intel TCO WatchDog Timer Driver v1.11
[    7.188394] iTCO_wdt: Found a Cougar Point TCO device (Version=2, TCOBASE=0x0460)
[    7.198997] iTCO_wdt: initialized. heartbeat=30 sec (nowayout=0)
[    7.214641] uvcvideo: Found UVC 1.00 device Integrated Camera (04f2:b221)
[    7.229348] input: Integrated Camera: Integrated C as /devices/pci0000:00/0000:00:1a.0/usb1/1-1/1-1.6/1-1.6:1.0/input/input10
[    7.229461] usbcore: registered new interface driver uvcvideo
[    7.229462] USB Video Class driver (1.1.1)
[    7.243385] snd_hda_intel 0000:00:1b.0: bound 0000:00:02.0 (ops i915_audio_component_bind_ops [i915])
[    7.293460] snd_hda_codec_conexant hdaudioC0D0: CX20590: BIOS auto-probing.
[    7.296953] snd_hda_codec_conexant hdaudioC0D0: autoconfig for CX20590: line_outs=1 (0x1f/0x0/0x0/0x0/0x0) type:speaker
[    7.296956] snd_hda_codec_conexant hdaudioC0D0:    speaker_outs=0 (0x0/0x0/0x0/0x0/0x0)
[    7.296958] snd_hda_codec_conexant hdaudioC0D0:    hp_outs=2 (0x1c/0x19/0x0/0x0/0x0)
[    7.296959] snd_hda_codec_conexant hdaudioC0D0:    mono: mono_out=0x0
[    7.296960] snd_hda_codec_conexant hdaudioC0D0:    inputs:
[    7.296962] snd_hda_codec_conexant hdaudioC0D0:      Internal Mic=0x23
[    7.296964] snd_hda_codec_conexant hdaudioC0D0:      Mic=0x1b
[    7.296966] snd_hda_codec_conexant hdaudioC0D0:      Dock Mic=0x1a
[    7.300287] snd_hda_codec_conexant hdaudioC0D0: Enable sync_write for stable communication
[    7.336679] iwlwifi 0000:03:00.0: CONFIG_IWLWIFI_DEBUG disabled
[    7.336682] iwlwifi 0000:03:00.0: CONFIG_IWLWIFI_DEBUGFS enabled
[    7.336683] iwlwifi 0000:03:00.0: CONFIG_IWLWIFI_DEVICE_TRACING disabled
[    7.336685] iwlwifi 0000:03:00.0: Detected Intel(R) Centrino(R) Advanced-N 6205 AGN, REV=0xB0
[    7.367423] input: HDA Intel PCH Mic as /devices/pci0000:00/0000:00:1b.0/sound/card0/input11
[    7.367489] input: HDA Intel PCH Dock Mic as /devices/pci0000:00/0000:00:1b.0/sound/card0/input12
[    7.368994] input: HDA Intel PCH Dock Headphone as /devices/pci0000:00/0000:00:1b.0/sound/card0/input13
[    7.369084] input: HDA Intel PCH Headphone as /devices/pci0000:00/0000:00:1b.0/sound/card0/input14
[    7.369161] input: HDA Intel PCH HDMI/DP,pcm=3 as /devices/pci0000:00/0000:00:1b.0/sound/card0/input15
[    7.369240] input: HDA Intel PCH HDMI/DP,pcm=7 as /devices/pci0000:00/0000:00:1b.0/sound/card0/input16
[    7.369316] input: HDA Intel PCH HDMI/DP,pcm=8 as /devices/pci0000:00/0000:00:1b.0/sound/card0/input17
[    7.447110] ieee80211 phy0: Selected rate control algorithm 'iwl-agn-rs'
[    7.451209] intel_rapl: Found RAPL domain package
[    7.451212] intel_rapl: Found RAPL domain core
[    7.451213] intel_rapl: Found RAPL domain uncore
[    7.451217] intel_rapl: RAPL package 0 domain package locked by BIOS
[    7.458308] iwlwifi 0000:03:00.0 wlp3s0: renamed from wlan0
[    7.502969] XFS (dm-2): Mounting V5 Filesystem
[    7.504984] XFS (sda2): Mounting V5 Filesystem
[    7.534110] XFS (dm-2): Ending clean mount
[    7.577889] XFS (sda2): Ending clean mount
[    7.755192] RPC: Registered named UNIX socket transport module.
[    7.755194] RPC: Registered udp transport module.
[    7.755194] RPC: Registered tcp transport module.
[    7.755195] RPC: Registered tcp NFSv4.1 backchannel transport module.
[   10.225943] IPv6: ADDRCONF(NETDEV_UP): enp0s25: link is not ready
[   10.488225] IPv6: ADDRCONF(NETDEV_UP): enp0s25: link is not ready
[   10.502307] IPv6: ADDRCONF(NETDEV_UP): wlp3s0: link is not ready
[   10.508331] iwlwifi 0000:03:00.0: Radio type=0x1-0x2-0x0
[   10.793408] iwlwifi 0000:03:00.0: Radio type=0x1-0x2-0x0
[   10.869545] IPv6: ADDRCONF(NETDEV_UP): wlp3s0: link is not ready
[   10.888479] iwlwifi 0000:03:00.0: Radio type=0x1-0x2-0x0
[   11.043314] random: crng init done
[   11.043316] random: 7 urandom warning(s) missed due to ratelimiting
[   11.174303] iwlwifi 0000:03:00.0: Radio type=0x1-0x2-0x0
[   11.250807] IPv6: ADDRCONF(NETDEV_UP): wlp3s0: link is not ready
[   11.331236] IPv6: ADDRCONF(NETDEV_UP): wlp3s0: link is not ready
[   12.165534] bridge: filtering via arp/ip/ip6tables is no longer available by default. Update your scripts to load br_netfilter if you need this.
[   12.176552] tun: Universal TUN/TAP device driver, 1.6
[   12.177860] virbr0: port 1(virbr0-nic) entered blocking state
[   12.177865] virbr0: port 1(virbr0-nic) entered disabled state
[   12.177933] device virbr0-nic entered promiscuous mode
[   12.862508] virbr0: port 1(virbr0-nic) entered blocking state
[   12.862511] virbr0: port 1(virbr0-nic) entered listening state
[   12.928752] virbr0: port 1(virbr0-nic) entered disabled state
[   14.362211] iwlwifi 0000:03:00.0: Radio type=0x1-0x2-0x0
[   14.647223] iwlwifi 0000:03:00.0: Radio type=0x1-0x2-0x0
[   14.722186] IPv6: ADDRCONF(NETDEV_UP): wlp3s0: link is not ready
[   17.681171] wlp3s0: authenticate with 70:3a:cb:4c:d3:8a
[   17.686243] wlp3s0: send auth to 70:3a:cb:4c:d3:8a (try 1/3)
[   17.773449] wlp3s0: authenticated
[   17.773754] wlp3s0: waiting for beacon from 70:3a:cb:4c:d3:8a
[   17.878078] wlp3s0: associate with 70:3a:cb:4c:d3:8a (try 1/3)
[   17.880226] wlp3s0: RX AssocResp from 70:3a:cb:4c:d3:8a (capab=0x1011 status=0 aid=4)
[   17.900956] wlp3s0: associated
[   17.922335] IPv6: ADDRCONF(NETDEV_CHANGE): wlp3s0: link becomes ready
[   17.976590] wlp3s0: Limiting TX power to 30 (30 - 0) dBm as advertised by 70:3a:cb:4c:d3:8a
[ 4299.074160] wlp3s0: deauthenticated from 70:3a:cb:4c:d3:8a (Reason: 3=DEAUTH_LEAVING)
[ 4302.385293] wlp3s0: authenticate with 70:3a:cb:4c:d4:24
[ 4302.388680] wlp3s0: send auth to 70:3a:cb:4c:d4:24 (try 1/3)
[ 4302.397141] wlp3s0: authenticated
[ 4302.397449] wlp3s0: waiting for beacon from 70:3a:cb:4c:d4:24
[ 4302.650846] wlp3s0: authenticate with 70:3a:cb:4c:d4:28
[ 4302.654548] wlp3s0: send auth to 70:3a:cb:4c:d4:28 (try 1/3)
[ 4302.657509] wlp3s0: authenticated
[ 4302.658578] wlp3s0: associate with 70:3a:cb:4c:d4:28 (try 1/3)
[ 4302.665253] wlp3s0: RX AssocResp from 70:3a:cb:4c:d4:28 (capab=0x1431 status=0 aid=2)
[ 4302.689076] wlp3s0: associated
[ 4302.722103] wlp3s0: Limiting TX power to 30 (30 - 0) dBm as advertised by 70:3a:cb:4c:d4:28
[ 4315.074192] wlp3s0: deauthenticated from 70:3a:cb:4c:d4:28 (Reason: 3=DEAUTH_LEAVING)
[ 4315.291491] wlp3s0: authenticate with 70:3a:cb:4c:d4:24
[ 4315.295820] wlp3s0: send auth to 70:3a:cb:4c:d4:24 (try 1/3)
[ 4315.424405] wlp3s0: send auth to 70:3a:cb:4c:d4:24 (try 2/3)
[ 4315.440210] wlp3s0: send auth to 70:3a:cb:4c:d4:24 (try 3/3)
[ 4315.544369] wlp3s0: authentication with 70:3a:cb:4c:d4:24 timed out
[ 4315.670126] wlp3s0: authenticate with 70:3a:cb:4c:d3:8a
[ 4315.672157] wlp3s0: send auth to 70:3a:cb:4c:d3:8a (try 1/3)
[ 4315.677621] wlp3s0: authenticated
[ 4315.678681] wlp3s0: waiting for beacon from 70:3a:cb:4c:d3:8a
[ 4315.713250] wlp3s0: associate with 70:3a:cb:4c:d3:8a (try 1/3)
[ 4315.720461] wlp3s0: RX AssocResp from 70:3a:cb:4c:d3:8a (capab=0x1011 status=0 aid=1)
[ 4315.746391] wlp3s0: associated
[ 4315.812759] wlp3s0: Limiting TX power to 30 (30 - 0) dBm as advertised by 70:3a:cb:4c:d3:8a
[ 4319.778543] wlp3s0: deauthenticated from 70:3a:cb:4c:d3:8a (Reason: 2=PREV_AUTH_NOT_VALID)
[ 4319.831990] IPv6: ADDRCONF(NETDEV_UP): wlp3s0: link is not ready
[ 4319.857520] iwlwifi 0000:03:00.0: Radio type=0x1-0x2-0x0
[ 4320.152395] iwlwifi 0000:03:00.0: Radio type=0x1-0x2-0x0
[ 4320.238153] IPv6: ADDRCONF(NETDEV_UP): wlp3s0: link is not ready
[ 4661.557129] iwlwifi 0000:03:00.0: Radio type=0x1-0x2-0x0
[ 4661.844034] iwlwifi 0000:03:00.0: Radio type=0x1-0x2-0x0
[ 4661.921603] IPv6: ADDRCONF(NETDEV_UP): wlp3s0: link is not ready
[ 4977.495167] iwlwifi 0000:03:00.0: Radio type=0x1-0x2-0x0
[ 4977.792239] iwlwifi 0000:03:00.0: Radio type=0x1-0x2-0x0
[ 4977.872457] IPv6: ADDRCONF(NETDEV_UP): wlp3s0: link is not ready
[ 5293.484306] iwlwifi 0000:03:00.0: Radio type=0x1-0x2-0x0
[ 5293.781088] iwlwifi 0000:03:00.0: Radio type=0x1-0x2-0x0
[ 5293.864247] IPv6: ADDRCONF(NETDEV_UP): wlp3s0: link is not ready
[ 5609.528262] iwlwifi 0000:03:00.0: Radio type=0x1-0x2-0x0
[ 5609.815933] iwlwifi 0000:03:00.0: Radio type=0x1-0x2-0x0
[ 5609.898736] IPv6: ADDRCONF(NETDEV_UP): wlp3s0: link is not ready
[ 5925.523449] iwlwifi 0000:03:00.0: Radio type=0x1-0x2-0x0
[ 5925.810868] iwlwifi 0000:03:00.0: Radio type=0x1-0x2-0x0
[ 5925.890408] IPv6: ADDRCONF(NETDEV_UP): wlp3s0: link is not ready
[ 6241.461501] iwlwifi 0000:03:00.0: Radio type=0x1-0x2-0x0
[ 6241.758037] iwlwifi 0000:03:00.0: Radio type=0x1-0x2-0x0
[ 6241.840711] IPv6: ADDRCONF(NETDEV_UP): wlp3s0: link is not ready
[ 6557.505545] iwlwifi 0000:03:00.0: Radio type=0x1-0x2-0x0
[ 6557.792608] iwlwifi 0000:03:00.0: Radio type=0x1-0x2-0x0
[ 6557.869921] IPv6: ADDRCONF(NETDEV_UP): wlp3s0: link is not ready
[ 6873.446607] iwlwifi 0000:03:00.0: Radio type=0x1-0x2-0x0
[ 6873.734056] iwlwifi 0000:03:00.0: Radio type=0x1-0x2-0x0
[ 6873.816626] IPv6: ADDRCONF(NETDEV_UP): wlp3s0: link is not ready
[ 7189.437655] iwlwifi 0000:03:00.0: Radio type=0x1-0x2-0x0
[ 7189.734197] iwlwifi 0000:03:00.0: Radio type=0x1-0x2-0x0
[ 7189.816799] IPv6: ADDRCONF(NETDEV_UP): wlp3s0: link is not ready
[ 7505.481659] iwlwifi 0000:03:00.0: Radio type=0x1-0x2-0x0
[ 7505.778606] iwlwifi 0000:03:00.0: Radio type=0x1-0x2-0x0
[ 7505.859665] IPv6: ADDRCONF(NETDEV_UP): wlp3s0: link is not ready
[ 7821.421715] iwlwifi 0000:03:00.0: Radio type=0x1-0x2-0x0
[ 7821.709171] iwlwifi 0000:03:00.0: Radio type=0x1-0x2-0x0
[ 7821.789091] IPv6: ADDRCONF(NETDEV_UP): wlp3s0: link is not ready
[ 8137.418678] iwlwifi 0000:03:00.0: Radio type=0x1-0x2-0x0
[ 8137.715401] iwlwifi 0000:03:00.0: Radio type=0x1-0x2-0x0
[ 8137.794895] IPv6: ADDRCONF(NETDEV_UP): wlp3s0: link is not ready
[ 8453.423804] iwlwifi 0000:03:00.0: Radio type=0x1-0x2-0x0
[ 8453.711323] iwlwifi 0000:03:00.0: Radio type=0x1-0x2-0x0
[ 8453.791124] IPv6: ADDRCONF(NETDEV_UP): wlp3s0: link is not ready
[ 8769.448769] iwlwifi 0000:03:00.0: Radio type=0x1-0x2-0x0
[ 8769.736276] iwlwifi 0000:03:00.0: Radio type=0x1-0x2-0x0
[ 8769.812822] IPv6: ADDRCONF(NETDEV_UP): wlp3s0: link is not ready
[ 9085.441919] iwlwifi 0000:03:00.0: Radio type=0x1-0x2-0x0
[ 9085.738523] iwlwifi 0000:03:00.0: Radio type=0x1-0x2-0x0
[ 9085.818205] IPv6: ADDRCONF(NETDEV_UP): wlp3s0: link is not ready
[ 9401.433016] iwlwifi 0000:03:00.0: Radio type=0x1-0x2-0x0
[ 9401.719858] iwlwifi 0000:03:00.0: Radio type=0x1-0x2-0x0
[ 9401.798650] IPv6: ADDRCONF(NETDEV_UP): wlp3s0: link is not ready
[ 9717.376074] iwlwifi 0000:03:00.0: Radio type=0x1-0x2-0x0
[ 9717.663966] iwlwifi 0000:03:00.0: Radio type=0x1-0x2-0x0
[ 9717.743163] IPv6: ADDRCONF(NETDEV_UP): wlp3s0: link is not ready
[10033.417071] iwlwifi 0000:03:00.0: Radio type=0x1-0x2-0x0
[10033.713659] iwlwifi 0000:03:00.0: Radio type=0x1-0x2-0x0
[10033.793280] IPv6: ADDRCONF(NETDEV_UP): wlp3s0: link is not ready
[10349.409171] iwlwifi 0000:03:00.0: Radio type=0x1-0x2-0x0
[10349.695968] iwlwifi 0000:03:00.0: Radio type=0x1-0x2-0x0
[10349.773525] IPv6: ADDRCONF(NETDEV_UP): wlp3s0: link is not ready
[10665.349207] iwlwifi 0000:03:00.0: Radio type=0x1-0x2-0x0
[10665.645750] iwlwifi 0000:03:00.0: Radio type=0x1-0x2-0x0
[10665.725302] IPv6: ADDRCONF(NETDEV_UP): wlp3s0: link is not ready
[10981.358228] iwlwifi 0000:03:00.0: Radio type=0x1-0x2-0x0
[10981.645033] iwlwifi 0000:03:00.0: Radio type=0x1-0x2-0x0
[10981.724340] IPv6: ADDRCONF(NETDEV_UP): wlp3s0: link is not ready
[11297.385354] iwlwifi 0000:03:00.0: Radio type=0x1-0x2-0x0
[11297.681267] iwlwifi 0000:03:00.0: Radio type=0x1-0x2-0x0
[11297.759142] IPv6: ADDRCONF(NETDEV_UP): wlp3s0: link is not ready
[11613.327394] iwlwifi 0000:03:00.0: Radio type=0x1-0x2-0x0
[11613.614132] iwlwifi 0000:03:00.0: Radio type=0x1-0x2-0x0
[11613.691621] IPv6: ADDRCONF(NETDEV_UP): wlp3s0: link is not ready
[11929.367427] iwlwifi 0000:03:00.0: Radio type=0x1-0x2-0x0
[11929.654887] iwlwifi 0000:03:00.0: Radio type=0x1-0x2-0x0
[11929.734762] IPv6: ADDRCONF(NETDEV_UP): wlp3s0: link is not ready
[12245.361388] iwlwifi 0000:03:00.0: Radio type=0x1-0x2-0x0
[12245.657999] iwlwifi 0000:03:00.0: Radio type=0x1-0x2-0x0
[12245.737639] IPv6: ADDRCONF(NETDEV_UP): wlp3s0: link is not ready
[12561.354504] iwlwifi 0000:03:00.0: Radio type=0x1-0x2-0x0
[12561.641904] iwlwifi 0000:03:00.0: Radio type=0x1-0x2-0x0
[12561.721700] IPv6: ADDRCONF(NETDEV_UP): wlp3s0: link is not ready
[12877.346561] iwlwifi 0000:03:00.0: Radio type=0x1-0x2-0x0
[12877.633926] iwlwifi 0000:03:00.0: Radio type=0x1-0x2-0x0
[12877.713944] IPv6: ADDRCONF(NETDEV_UP): wlp3s0: link is not ready
[13193.338645] iwlwifi 0000:03:00.0: Radio type=0x1-0x2-0x0
[13193.635214] iwlwifi 0000:03:00.0: Radio type=0x1-0x2-0x0
[13193.714943] IPv6: ADDRCONF(NETDEV_UP): wlp3s0: link is not ready
[13509.277691] iwlwifi 0000:03:00.0: Radio type=0x1-0x2-0x0
[13509.565189] iwlwifi 0000:03:00.0: Radio type=0x1-0x2-0x0
[13509.644736] IPv6: ADDRCONF(NETDEV_UP): wlp3s0: link is not ready
[13825.277653] iwlwifi 0000:03:00.0: Radio type=0x1-0x2-0x0
[13825.574316] iwlwifi 0000:03:00.0: Radio type=0x1-0x2-0x0
[13825.653845] IPv6: ADDRCONF(NETDEV_UP): wlp3s0: link is not ready
[14141.279702] iwlwifi 0000:03:00.0: Radio type=0x1-0x2-0x0
[14141.565534] iwlwifi 0000:03:00.0: Radio type=0x1-0x2-0x0
[14141.643165] IPv6: ADDRCONF(NETDEV_UP): wlp3s0: link is not ready
[14457.294810] iwlwifi 0000:03:00.0: Radio type=0x1-0x2-0x0
[14457.591586] iwlwifi 0000:03:00.0: Radio type=0x1-0x2-0x0
[14457.671102] IPv6: ADDRCONF(NETDEV_UP): wlp3s0: link is not ready
[14773.297792] iwlwifi 0000:03:00.0: Radio type=0x1-0x2-0x0
[14773.585336] iwlwifi 0000:03:00.0: Radio type=0x1-0x2-0x0
[14773.665131] IPv6: ADDRCONF(NETDEV_UP): wlp3s0: link is not ready
[15089.238393] iwlwifi 0000:03:00.0: Radio type=0x1-0x2-0x0
[15089.533989] iwlwifi 0000:03:00.0: Radio type=0x1-0x2-0x0
[15089.613602] IPv6: ADDRCONF(NETDEV_UP): wlp3s0: link is not ready
[15405.269885] iwlwifi 0000:03:00.0: Radio type=0x1-0x2-0x0
[15405.565667] iwlwifi 0000:03:00.0: Radio type=0x1-0x2-0x0
[15405.645067] IPv6: ADDRCONF(NETDEV_UP): wlp3s0: link is not ready
[15721.274067] iwlwifi 0000:03:00.0: Radio type=0x1-0x2-0x0
[15721.569943] iwlwifi 0000:03:00.0: Radio type=0x1-0x2-0x0
[15721.647063] IPv6: ADDRCONF(NETDEV_UP): wlp3s0: link is not ready
[16037.266023] iwlwifi 0000:03:00.0: Radio type=0x1-0x2-0x0
[16037.553523] iwlwifi 0000:03:00.0: Radio type=0x1-0x2-0x0
[16037.633070] IPv6: ADDRCONF(NETDEV_UP): wlp3s0: link is not ready
[16353.206142] iwlwifi 0000:03:00.0: Radio type=0x1-0x2-0x0
[16353.493601] iwlwifi 0000:03:00.0: Radio type=0x1-0x2-0x0
[16353.573056] IPv6: ADDRCONF(NETDEV_UP): wlp3s0: link is not ready
[16669.251226] iwlwifi 0000:03:00.0: Radio type=0x1-0x2-0x0
[16669.547236] iwlwifi 0000:03:00.0: Radio type=0x1-0x2-0x0
[16669.626266] IPv6: ADDRCONF(NETDEV_UP): wlp3s0: link is not ready
[16985.242144] iwlwifi 0000:03:00.0: Radio type=0x1-0x2-0x0
[16985.538743] iwlwifi 0000:03:00.0: Radio type=0x1-0x2-0x0
[16985.618762] IPv6: ADDRCONF(NETDEV_UP): wlp3s0: link is not ready
[17301.234315] iwlwifi 0000:03:00.0: Radio type=0x1-0x2-0x0
[17301.530903] iwlwifi 0000:03:00.0: Radio type=0x1-0x2-0x0
[17301.610351] IPv6: ADDRCONF(NETDEV_UP): wlp3s0: link is not ready
[17617.174254] iwlwifi 0000:03:00.0: Radio type=0x1-0x2-0x0
[17617.460315] iwlwifi 0000:03:00.0: Radio type=0x1-0x2-0x0
[17617.537373] IPv6: ADDRCONF(NETDEV_UP): wlp3s0: link is not ready
[17933.218326] iwlwifi 0000:03:00.0: Radio type=0x1-0x2-0x0
[17933.513875] iwlwifi 0000:03:00.0: Radio type=0x1-0x2-0x0
[17933.591449] IPv6: ADDRCONF(NETDEV_UP): wlp3s0: link is not ready
[18249.158363] iwlwifi 0000:03:00.0: Radio type=0x1-0x2-0x0
[18249.445898] iwlwifi 0000:03:00.0: Radio type=0x1-0x2-0x0
[18249.525370] IPv6: ADDRCONF(NETDEV_UP): wlp3s0: link is not ready
[18565.202379] iwlwifi 0000:03:00.0: Radio type=0x1-0x2-0x0
[18565.497410] iwlwifi 0000:03:00.0: Radio type=0x1-0x2-0x0
[18565.574906] IPv6: ADDRCONF(NETDEV_UP): wlp3s0: link is not ready
[18881.194506] iwlwifi 0000:03:00.0: Radio type=0x1-0x2-0x0
[18881.481348] iwlwifi 0000:03:00.0: Radio type=0x1-0x2-0x0
[18881.558448] IPv6: ADDRCONF(NETDEV_UP): wlp3s0: link is not ready
[19197.134610] iwlwifi 0000:03:00.0: Radio type=0x1-0x2-0x0
[19197.422032] iwlwifi 0000:03:00.0: Radio type=0x1-0x2-0x0
[19197.501787] IPv6: ADDRCONF(NETDEV_UP): wlp3s0: link is not ready
[19513.123650] iwlwifi 0000:03:00.0: Radio type=0x1-0x2-0x0
[19513.411366] iwlwifi 0000:03:00.0: Radio type=0x1-0x2-0x0
[19513.491227] IPv6: ADDRCONF(NETDEV_UP): wlp3s0: link is not ready
[19829.130616] iwlwifi 0000:03:00.0: Radio type=0x1-0x2-0x0
[19829.417716] iwlwifi 0000:03:00.0: Radio type=0x1-0x2-0x0
[19829.496778] IPv6: ADDRCONF(NETDEV_UP): wlp3s0: link is not ready
[20145.110747] iwlwifi 0000:03:00.0: Radio type=0x1-0x2-0x0
[20145.407297] iwlwifi 0000:03:00.0: Radio type=0x1-0x2-0x0
[20145.486655] IPv6: ADDRCONF(NETDEV_UP): wlp3s0: link is not ready
[20461.147823] iwlwifi 0000:03:00.0: Radio type=0x1-0x2-0x0
[20461.435154] iwlwifi 0000:03:00.0: Radio type=0x1-0x2-0x0
[20461.514412] IPv6: ADDRCONF(NETDEV_UP): wlp3s0: link is not ready
[20777.144890] iwlwifi 0000:03:00.0: Radio type=0x1-0x2-0x0
[20777.434018] iwlwifi 0000:03:00.0: Radio type=0x1-0x2-0x0
[20777.512330] IPv6: ADDRCONF(NETDEV_UP): wlp3s0: link is not ready
[21093.138805] iwlwifi 0000:03:00.0: Radio type=0x1-0x2-0x0
[21093.435539] iwlwifi 0000:03:00.0: Radio type=0x1-0x2-0x0
[21093.514995] IPv6: ADDRCONF(NETDEV_UP): wlp3s0: link is not ready
[21409.132000] iwlwifi 0000:03:00.0: Radio type=0x1-0x2-0x0
[21409.428570] iwlwifi 0000:03:00.0: Radio type=0x1-0x2-0x0
[21409.508344] IPv6: ADDRCONF(NETDEV_UP): wlp3s0: link is not ready
[21725.071047] iwlwifi 0000:03:00.0: Radio type=0x1-0x2-0x0
[21725.358541] iwlwifi 0000:03:00.0: Radio type=0x1-0x2-0x0
[21725.438162] IPv6: ADDRCONF(NETDEV_UP): wlp3s0: link is not ready
[22041.114998] iwlwifi 0000:03:00.0: Radio type=0x1-0x2-0x0
[22041.411675] iwlwifi 0000:03:00.0: Radio type=0x1-0x2-0x0
[22041.491220] IPv6: ADDRCONF(NETDEV_UP): wlp3s0: link is not ready
[22357.058160] iwlwifi 0000:03:00.0: Radio type=0x1-0x2-0x0
[22357.354330] iwlwifi 0000:03:00.0: Radio type=0x1-0x2-0x0
[22357.432803] IPv6: ADDRCONF(NETDEV_UP): wlp3s0: link is not ready
[22673.099191] iwlwifi 0000:03:00.0: Radio type=0x1-0x2-0x0
[22673.394822] iwlwifi 0000:03:00.0: Radio type=0x1-0x2-0x0
[22673.472921] IPv6: ADDRCONF(NETDEV_UP): wlp3s0: link is not ready
[22989.039206] iwlwifi 0000:03:00.0: Radio type=0x1-0x2-0x0
[22989.326336] iwlwifi 0000:03:00.0: Radio type=0x1-0x2-0x0
[22989.405574] IPv6: ADDRCONF(NETDEV_UP): wlp3s0: link is not ready
[23305.051312] iwlwifi 0000:03:00.0: Radio type=0x1-0x2-0x0
[23305.338342] iwlwifi 0000:03:00.0: Radio type=0x1-0x2-0x0
[23305.417397] IPv6: ADDRCONF(NETDEV_UP): wlp3s0: link is not ready
[23621.023350] iwlwifi 0000:03:00.0: Radio type=0x1-0x2-0x0
[23621.320428] iwlwifi 0000:03:00.0: Radio type=0x1-0x2-0x0
[23621.399420] IPv6: ADDRCONF(NETDEV_UP): wlp3s0: link is not ready
[23937.015391] iwlwifi 0000:03:00.0: Radio type=0x1-0x2-0x0
[23937.302800] iwlwifi 0000:03:00.0: Radio type=0x1-0x2-0x0
[23937.382578] IPv6: ADDRCONF(NETDEV_UP): wlp3s0: link is not ready
[24253.028367] iwlwifi 0000:03:00.0: Radio type=0x1-0x2-0x0
[24253.315877] iwlwifi 0000:03:00.0: Radio type=0x1-0x2-0x0
[24253.395553] IPv6: ADDRCONF(NETDEV_UP): wlp3s0: link is not ready
[24568.999486] iwlwifi 0000:03:00.0: Radio type=0x1-0x2-0x0
[24569.296093] iwlwifi 0000:03:00.0: Radio type=0x1-0x2-0x0
[24569.376218] IPv6: ADDRCONF(NETDEV_UP): wlp3s0: link is not ready
[24885.043519] iwlwifi 0000:03:00.0: Radio type=0x1-0x2-0x0
[24885.329966] iwlwifi 0000:03:00.0: Radio type=0x1-0x2-0x0
[24885.406796] IPv6: ADDRCONF(NETDEV_UP): wlp3s0: link is not ready
[25200.983529] iwlwifi 0000:03:00.0: Radio type=0x1-0x2-0x0
[25201.271207] iwlwifi 0000:03:00.0: Radio type=0x1-0x2-0x0
[25201.351071] IPv6: ADDRCONF(NETDEV_UP): wlp3s0: link is not ready
[25516.975645] iwlwifi 0000:03:00.0: Radio type=0x1-0x2-0x0
[25517.262709] iwlwifi 0000:03:00.0: Radio type=0x1-0x2-0x0
[25517.341707] IPv6: ADDRCONF(NETDEV_UP): wlp3s0: link is not ready
[25832.967665] iwlwifi 0000:03:00.0: Radio type=0x1-0x2-0x0
[25833.263835] iwlwifi 0000:03:00.0: Radio type=0x1-0x2-0x0
[25833.340922] IPv6: ADDRCONF(NETDEV_UP): wlp3s0: link is not ready
[26148.992774] iwlwifi 0000:03:00.0: Radio type=0x1-0x2-0x0
[26149.279801] iwlwifi 0000:03:00.0: Radio type=0x1-0x2-0x0
[26149.359178] IPv6: ADDRCONF(NETDEV_UP): wlp3s0: link is not ready
[26464.951786] iwlwifi 0000:03:00.0: Radio type=0x1-0x2-0x0
[26465.239320] iwlwifi 0000:03:00.0: Radio type=0x1-0x2-0x0
[26465.319327] IPv6: ADDRCONF(NETDEV_UP): wlp3s0: link is not ready
[26780.995759] iwlwifi 0000:03:00.0: Radio type=0x1-0x2-0x0
[26781.292515] iwlwifi 0000:03:00.0: Radio type=0x1-0x2-0x0
[26781.372224] IPv6: ADDRCONF(NETDEV_UP): wlp3s0: link is not ready
[27096.987928] iwlwifi 0000:03:00.0: Radio type=0x1-0x2-0x0
[27097.274673] iwlwifi 0000:03:00.0: Radio type=0x1-0x2-0x0
[27097.354995] IPv6: ADDRCONF(NETDEV_UP): wlp3s0: link is not ready
[27412.980983] iwlwifi 0000:03:00.0: Radio type=0x1-0x2-0x0
[27413.268391] iwlwifi 0000:03:00.0: Radio type=0x1-0x2-0x0
[27413.348729] IPv6: ADDRCONF(NETDEV_UP): wlp3s0: link is not ready
[27728.973031] iwlwifi 0000:03:00.0: Radio type=0x1-0x2-0x0
[27729.269952] iwlwifi 0000:03:00.0: Radio type=0x1-0x2-0x0
[27729.350097] IPv6: ADDRCONF(NETDEV_UP): wlp3s0: link is not ready
[28044.915053] iwlwifi 0000:03:00.0: Radio type=0x1-0x2-0x0
[28045.211680] iwlwifi 0000:03:00.0: Radio type=0x1-0x2-0x0
[28045.291364] IPv6: ADDRCONF(NETDEV_UP): wlp3s0: link is not ready
[28360.957132] iwlwifi 0000:03:00.0: Radio type=0x1-0x2-0x0
[28361.253675] iwlwifi 0000:03:00.0: Radio type=0x1-0x2-0x0
[28361.333475] IPv6: ADDRCONF(NETDEV_UP): wlp3s0: link is not ready
[28676.903207] iwlwifi 0000:03:00.0: Radio type=0x1-0x2-0x0
[28677.198959] iwlwifi 0000:03:00.0: Radio type=0x1-0x2-0x0
[28677.276850] IPv6: ADDRCONF(NETDEV_UP): wlp3s0: link is not ready
[28992.907228] iwlwifi 0000:03:00.0: Radio type=0x1-0x2-0x0
[28993.193753] iwlwifi 0000:03:00.0: Radio type=0x1-0x2-0x0
[28993.271644] IPv6: ADDRCONF(NETDEV_UP): wlp3s0: link is not ready
[29308.880908] iwlwifi 0000:03:00.0: Radio type=0x1-0x2-0x0
[29309.168477] iwlwifi 0000:03:00.0: Radio type=0x1-0x2-0x0
[29309.247993] IPv6: ADDRCONF(NETDEV_UP): wlp3s0: link is not ready
[29624.924288] iwlwifi 0000:03:00.0: Radio type=0x1-0x2-0x0
[29625.220891] iwlwifi 0000:03:00.0: Radio type=0x1-0x2-0x0
[29625.300843] IPv6: ADDRCONF(NETDEV_UP): wlp3s0: link is not ready
[29940.900247] iwlwifi 0000:03:00.0: Radio type=0x1-0x2-0x0
[29941.196926] iwlwifi 0000:03:00.0: Radio type=0x1-0x2-0x0
[29941.276502] IPv6: ADDRCONF(NETDEV_UP): wlp3s0: link is not ready
[30256.859335] iwlwifi 0000:03:00.0: Radio type=0x1-0x2-0x0
[30257.155967] iwlwifi 0000:03:00.0: Radio type=0x1-0x2-0x0
[30257.235269] IPv6: ADDRCONF(NETDEV_UP): wlp3s0: link is not ready
[30572.848493] iwlwifi 0000:03:00.0: Radio type=0x1-0x2-0x0
[30573.144709] iwlwifi 0000:03:00.0: Radio type=0x1-0x2-0x0
[30573.224131] IPv6: ADDRCONF(NETDEV_UP): wlp3s0: link is not ready
[30888.893475] iwlwifi 0000:03:00.0: Radio type=0x1-0x2-0x0
[30889.180735] iwlwifi 0000:03:00.0: Radio type=0x1-0x2-0x0
[30889.260916] IPv6: ADDRCONF(NETDEV_UP): wlp3s0: link is not ready
[31204.886605] iwlwifi 0000:03:00.0: Radio type=0x1-0x2-0x0
[31205.173424] iwlwifi 0000:03:00.0: Radio type=0x1-0x2-0x0
[31205.252249] IPv6: ADDRCONF(NETDEV_UP): wlp3s0: link is not ready
[31520.829844] iwlwifi 0000:03:00.0: Radio type=0x1-0x2-0x0
[31521.116657] iwlwifi 0000:03:00.0: Radio type=0x1-0x2-0x0
[31521.195577] IPv6: ADDRCONF(NETDEV_UP): wlp3s0: link is not ready
[31836.816670] iwlwifi 0000:03:00.0: Radio type=0x1-0x2-0x0
[31837.104073] iwlwifi 0000:03:00.0: Radio type=0x1-0x2-0x0
[31837.183769] IPv6: ADDRCONF(NETDEV_UP): wlp3s0: link is not ready
[32152.808746] iwlwifi 0000:03:00.0: Radio type=0x1-0x2-0x0
[32153.096221] iwlwifi 0000:03:00.0: Radio type=0x1-0x2-0x0
[32153.175859] IPv6: ADDRCONF(NETDEV_UP): wlp3s0: link is not ready
[32468.800816] iwlwifi 0000:03:00.0: Radio type=0x1-0x2-0x0
[32469.087862] iwlwifi 0000:03:00.0: Radio type=0x1-0x2-0x0
[32469.166899] IPv6: ADDRCONF(NETDEV_UP): wlp3s0: link is not ready
[32784.792847] iwlwifi 0000:03:00.0: Radio type=0x1-0x2-0x0
[32785.080001] iwlwifi 0000:03:00.0: Radio type=0x1-0x2-0x0
[32785.158861] IPv6: ADDRCONF(NETDEV_UP): wlp3s0: link is not ready
[33100.836916] iwlwifi 0000:03:00.0: Radio type=0x1-0x2-0x0
[33101.123969] iwlwifi 0000:03:00.0: Radio type=0x1-0x2-0x0
[33101.203056] IPv6: ADDRCONF(NETDEV_UP): wlp3s0: link is not ready
[33416.776902] iwlwifi 0000:03:00.0: Radio type=0x1-0x2-0x0
[33417.064206] iwlwifi 0000:03:00.0: Radio type=0x1-0x2-0x0
[33417.140944] IPv6: ADDRCONF(NETDEV_UP): wlp3s0: link is not ready
[33732.768999] iwlwifi 0000:03:00.0: Radio type=0x1-0x2-0x0
[33733.056407] iwlwifi 0000:03:00.0: Radio type=0x1-0x2-0x0
[33733.136228] IPv6: ADDRCONF(NETDEV_UP): wlp3s0: link is not ready
[33910.197720] fuse init (API version 7.27)
[33911.463412] iwlwifi 0000:03:00.0: Radio type=0x1-0x2-0x0
[33911.747406] iwlwifi 0000:03:00.0: Radio type=0x1-0x2-0x0
[33911.822289] IPv6: ADDRCONF(NETDEV_UP): wlp3s0: link is not ready
[33912.459233] rfkill: input handler disabled
[33914.854156] wlp3s0: authenticate with 70:3a:cb:4c:d4:df
[33914.856715] wlp3s0: send auth to 70:3a:cb:4c:d4:df (try 1/3)
[33914.888951] wlp3s0: authenticated
[33914.890027] wlp3s0: associate with 70:3a:cb:4c:d4:df (try 1/3)
[33914.894943] wlp3s0: RX AssocResp from 70:3a:cb:4c:d4:df (capab=0x1011 status=0 aid=3)
[33914.914970] wlp3s0: associated
[33914.921049] IPv6: ADDRCONF(NETDEV_CHANGE): wlp3s0: link becomes ready
[33914.989910] wlp3s0: Limiting TX power to 30 (30 - 0) dBm as advertised by 70:3a:cb:4c:d4:df
[34228.842304] wlp3s0: disassociated from 70:3a:cb:4c:d4:df (Reason: 5=DISASSOC_AP_BUSY)
[34232.114164] wlp3s0: authenticate with 70:3a:cb:4c:d3:8a
[34232.117647] wlp3s0: send auth to 70:3a:cb:4c:d3:8a (try 1/3)
[34232.121990] wlp3s0: authenticated
[34232.122135] wlp3s0: waiting for beacon from 70:3a:cb:4c:d3:8a
[34232.193988] wlp3s0: associate with 70:3a:cb:4c:d3:8a (try 1/3)
[34232.197498] wlp3s0: RX AssocResp from 70:3a:cb:4c:d3:8a (capab=0x1011 status=0 aid=6)
[34232.216995] wlp3s0: associated
[34232.296219] wlp3s0: Limiting TX power to 30 (30 - 0) dBm as advertised by 70:3a:cb:4c:d3:8a
[54089.960400] perf: interrupt took too long (2510 > 2500), lowering kernel.perf_event_max_sample_rate to 79000
[72555.786429] PM: suspend entry (deep)
[72555.786431] PM: Syncing filesystems ... done.
[72555.791998] Freezing user space processes ... (elapsed 0.032 seconds) done.
[72555.824922] OOM killer disabled.
[72555.824923] Freezing remaining freezable tasks ... (elapsed 0.001 seconds) done.
[72555.826253] Suspending console(s) (use no_console_suspend to debug)
[72555.826411] wlp3s0: deauthenticating from 70:3a:cb:4c:d3:8a by local choice (Reason: 3=DEAUTH_LEAVING)
[72555.830087] sd 0:0:0:0: [sda] Synchronizing SCSI cache
[72555.830199] sd 0:0:0:0: [sda] Stopping disk
[72556.222256] e1000e: EEE TX LPI TIMER: 00000011
[72556.475463] ACPI: EC: interrupt blocked
[72556.501143] ACPI: Preparing to enter system sleep state S3
[72556.510431] ACPI: EC: event blocked
[72556.510431] ACPI: EC: EC stopped
[72556.510432] PM: Saving platform NVS memory
[72556.510442] Disabling non-boot CPUs ...
[72556.516521] IRQ 30: no longer affine to CPU1
[72556.517728] smpboot: CPU 1 is now offline
[72556.532408] IRQ 28: no longer affine to CPU2
[72556.533619] smpboot: CPU 2 is now offline
[72556.541219] IRQ 16: no longer affine to CPU3
[72556.541222] IRQ 23: no longer affine to CPU3
[72556.542237] smpboot: CPU 3 is now offline
[72556.546795] ACPI: Low-level resume complete
[72556.546873] ACPI: EC: EC started
[72556.546875] PM: Restoring platform NVS memory
[72556.549767] Enabling non-boot CPUs ...
[72556.549861] x86: Booting SMP configuration:
[72556.549864] smpboot: Booting Node 0 Processor 1 APIC 0x1
[72556.551092] Disabled fast string operations
[72556.554070]  cache: parent cpu1 should not be sleeping
[72556.554654] CPU1 is up
[72556.554743] smpboot: Booting Node 0 Processor 2 APIC 0x2
[72556.557251] Disabled fast string operations
[72556.559909]  cache: parent cpu2 should not be sleeping
[72556.560233] CPU2 is up
[72556.560287] smpboot: Booting Node 0 Processor 3 APIC 0x3
[72556.561026] Disabled fast string operations
[72556.563727]  cache: parent cpu3 should not be sleeping
[72556.564061] CPU3 is up
[72556.566967] ACPI: Waking up from system sleep state S3
[72556.584759] ACPI: EC: interrupt unblocked
[72556.596929] sdhci-pci 0000:0d:00.0: MMC controller base frequency changed to 50Mhz.
[72556.609592] ACPI: EC: event unblocked
[72556.620068] sd 0:0:0:0: [sda] Starting disk
[72556.621925] iwlwifi 0000:03:00.0: Radio type=0x1-0x2-0x0
[72556.835656] usb 1-1.6: reset high-speed USB device number 3 using ehci-pci
[72556.917404] iwlwifi 0000:03:00.0: Radio type=0x1-0x2-0x0
[72556.937990] ata5: SATA link down (SStatus 0 SControl 300)
[72556.938043] ata1: SATA link up 3.0 Gbps (SStatus 123 SControl 300)
[72556.938072] ata2: SATA link up 1.5 Gbps (SStatus 113 SControl 300)
[72556.938185] ata4: SATA link down (SStatus 0 SControl 300)
[72556.938385] ata1.00: ACPI cmd ef/02:00:00:00:00:a0 (SET FEATURES) succeeded
[72556.938387] ata1.00: ACPI cmd f5/00:00:00:00:00:a0 (SECURITY FREEZE LOCK) filtered out
[72556.938388] ata1.00: ACPI cmd ef/10:03:00:00:00:a0 (SET FEATURES) filtered out
[72556.939324] ata1.00: ACPI cmd ef/02:00:00:00:00:a0 (SET FEATURES) succeeded
[72556.939332] ata1.00: ACPI cmd f5/00:00:00:00:00:a0 (SECURITY FREEZE LOCK) filtered out
[72556.939337] ata1.00: ACPI cmd ef/10:03:00:00:00:a0 (SET FEATURES) filtered out
[72556.939670] ata1.00: configured for UDMA/133
[72556.941035] ata2.00: ACPI cmd e3/00:79:00:00:00:a0 (IDLE) succeeded
[72556.941440] ata2.00: ACPI cmd e3/00:01:00:00:00:a0 (IDLE) succeeded
[72556.941446] ata2.00: ACPI cmd ef/10:03:00:00:00:a0 (SET FEATURES) filtered out
[72556.946448] ata2.00: ACPI cmd e3/00:79:00:00:00:a0 (IDLE) succeeded
[72556.946874] ata2.00: ACPI cmd e3/00:01:00:00:00:a0 (IDLE) succeeded
[72556.946882] ata2.00: ACPI cmd ef/10:03:00:00:00:a0 (SET FEATURES) filtered out
[72556.948620] ata2.00: configured for UDMA/100
[72556.950008] ata1.00: Enabling discard_zeroes_data
[72557.119511] OOM killer enabled.
[72557.119512] Restarting tasks ... done.
[72557.161196] video LNXVIDEO:00: Restoring backlight state
[72557.161778] PM: suspend exit
[72557.313591] psmouse serio1: synaptics: queried max coordinates: x [..5888], y [..4820]
[72557.337848] e1000e: enp0s25 NIC Link is Down
[72557.619781] IPv6: ADDRCONF(NETDEV_UP): enp0s25: link is not ready
[72557.860129] IPv6: ADDRCONF(NETDEV_UP): enp0s25: link is not ready
[72557.862005] IPv6: ADDRCONF(NETDEV_UP): wlp3s0: link is not ready
[72557.869195] iwlwifi 0000:03:00.0: Radio type=0x1-0x2-0x0
[72558.154929] iwlwifi 0000:03:00.0: Radio type=0x1-0x2-0x0
[72558.232045] IPv6: ADDRCONF(NETDEV_UP): wlp3s0: link is not ready
[72558.252833] iwlwifi 0000:03:00.0: Radio type=0x1-0x2-0x0
[72558.547264] iwlwifi 0000:03:00.0: Radio type=0x1-0x2-0x0
[72558.624491] IPv6: ADDRCONF(NETDEV_UP): wlp3s0: link is not ready
[72558.650298] IPv6: ADDRCONF(NETDEV_UP): wlp3s0: link is not ready
[72561.649057] iwlwifi 0000:03:00.0: Radio type=0x1-0x2-0x0
[72561.937049] iwlwifi 0000:03:00.0: Radio type=0x1-0x2-0x0
[72562.015482] IPv6: ADDRCONF(NETDEV_UP): wlp3s0: link is not ready
[72564.967327] wlp3s0: authenticate with 70:3a:cb:4c:d3:8a
[72564.971146] wlp3s0: send auth to 70:3a:cb:4c:d3:8a (try 1/3)
[72564.994226] wlp3s0: authenticated
[72564.994408] wlp3s0: waiting for beacon from 70:3a:cb:4c:d3:8a
[72565.099351] wlp3s0: associate with 70:3a:cb:4c:d3:8a (try 1/3)
[72565.102586] wlp3s0: RX AssocResp from 70:3a:cb:4c:d3:8a (capab=0x1011 status=0 aid=6)
[72565.121814] wlp3s0: associated
[72565.131814] IPv6: ADDRCONF(NETDEV_CHANGE): wlp3s0: link becomes ready
[72565.197532] wlp3s0: Limiting TX power to 30 (30 - 0) dBm as advertised by 70:3a:cb:4c:d3:8a
[73029.024961] PM: suspend entry (deep)
[73029.024966] PM: Syncing filesystems ... done.
[73029.028111] Freezing user space processes ... (elapsed 0.223 seconds) done.
[73029.251835] OOM killer disabled.
[73029.251836] Freezing remaining freezable tasks ... (elapsed 0.001 seconds) done.
[73029.253302] Suspending console(s) (use no_console_suspend to debug)
[73029.253454] wlp3s0: deauthenticating from 70:3a:cb:4c:d3:8a by local choice (Reason: 3=DEAUTH_LEAVING)
[73029.259690] sd 0:0:0:0: [sda] Synchronizing SCSI cache
[73029.259805] sd 0:0:0:0: [sda] Stopping disk
[73029.648726] e1000e: EEE TX LPI TIMER: 00000011
[73029.761963] ACPI: EC: interrupt blocked
[73029.788152] ACPI: Preparing to enter system sleep state S3
[73029.796801] ACPI: EC: event blocked
[73029.796802] ACPI: EC: EC stopped
[73029.796802] PM: Saving platform NVS memory
[73029.796812] Disabling non-boot CPUs ...
[73029.803816] IRQ 30: no longer affine to CPU1
[73029.805016] smpboot: CPU 1 is now offline
[73029.815304] IRQ 28: no longer affine to CPU2
[73029.816319] smpboot: CPU 2 is now offline
[73029.826095] IRQ 16: no longer affine to CPU3
[73029.827149] smpboot: CPU 3 is now offline
[73029.832684] ACPI: Low-level resume complete
[73029.832721] ACPI: EC: EC started
[73029.832722] PM: Restoring platform NVS memory
[73029.834121] Enabling non-boot CPUs ...
[73029.834160] x86: Booting SMP configuration:
[73029.834161] smpboot: Booting Node 0 Processor 1 APIC 0x1
[73029.834444] Disabled fast string operations
[73029.836836]  cache: parent cpu1 should not be sleeping
[73029.837146] CPU1 is up
[73029.837172] smpboot: Booting Node 0 Processor 2 APIC 0x2
[73029.837993] Disabled fast string operations
[73029.840280]  cache: parent cpu2 should not be sleeping
[73029.840457] CPU2 is up
[73029.840482] smpboot: Booting Node 0 Processor 3 APIC 0x3
[73029.840726] Disabled fast string operations
[73029.842970]  cache: parent cpu3 should not be sleeping
[73029.843156] CPU3 is up
[73029.846063] ACPI: Waking up from system sleep state S3
[73029.868388] ACPI: EC: interrupt unblocked
[73029.880575] sdhci-pci 0000:0d:00.0: MMC controller base frequency changed to 50Mhz.
[73029.893407] ACPI: EC: event unblocked
[73029.901898] iwlwifi 0000:03:00.0: Radio type=0x1-0x2-0x0
[73029.903417] sd 0:0:0:0: [sda] Starting disk
[73030.120354] usb 1-1.6: reset high-speed USB device number 3 using ehci-pci
[73030.186757] iwlwifi 0000:03:00.0: Radio type=0x1-0x2-0x0
[73030.222337] ata2: SATA link up 1.5 Gbps (SStatus 113 SControl 300)
[73030.222381] ata4: SATA link down (SStatus 0 SControl 300)
[73030.222406] ata5: SATA link down (SStatus 0 SControl 300)
[73030.222430] ata1: SATA link up 3.0 Gbps (SStatus 123 SControl 300)
[73030.222950] ata1.00: ACPI cmd ef/02:00:00:00:00:a0 (SET FEATURES) succeeded
[73030.222952] ata1.00: ACPI cmd f5/00:00:00:00:00:a0 (SECURITY FREEZE LOCK) filtered out
[73030.222954] ata1.00: ACPI cmd ef/10:03:00:00:00:a0 (SET FEATURES) filtered out
[73030.223832] ata1.00: ACPI cmd ef/02:00:00:00:00:a0 (SET FEATURES) succeeded
[73030.223834] ata1.00: ACPI cmd f5/00:00:00:00:00:a0 (SECURITY FREEZE LOCK) filtered out
[73030.223836] ata1.00: ACPI cmd ef/10:03:00:00:00:a0 (SET FEATURES) filtered out
[73030.224746] ata1.00: configured for UDMA/133
[73030.225090] ata2.00: ACPI cmd e3/00:79:00:00:00:a0 (IDLE) succeeded
[73030.225475] ata2.00: ACPI cmd e3/00:01:00:00:00:a0 (IDLE) succeeded
[73030.225484] ata2.00: ACPI cmd ef/10:03:00:00:00:a0 (SET FEATURES) filtered out
[73030.231562] ata2.00: ACPI cmd e3/00:79:00:00:00:a0 (IDLE) succeeded
[73030.231859] ata2.00: ACPI cmd e3/00:01:00:00:00:a0 (IDLE) succeeded
[73030.231861] ata2.00: ACPI cmd ef/10:03:00:00:00:a0 (SET FEATURES) filtered out
[73030.233596] ata2.00: configured for UDMA/100
[73030.235038] ata1.00: Enabling discard_zeroes_data
[73030.402968] OOM killer enabled.
[73030.402969] Restarting tasks ... done.
[73030.433049] video LNXVIDEO:00: Restoring backlight state
[73030.433613] PM: suspend exit
[73030.575607] e1000e: enp0s25 NIC Link is Down
[73030.691824] psmouse serio1: synaptics: queried max coordinates: x [..5888], y [..4820]
[73030.857883] IPv6: ADDRCONF(NETDEV_UP): enp0s25: link is not ready
[73031.096424] IPv6: ADDRCONF(NETDEV_UP): enp0s25: link is not ready
[73031.098401] IPv6: ADDRCONF(NETDEV_UP): wlp3s0: link is not ready
[73031.104589] iwlwifi 0000:03:00.0: Radio type=0x1-0x2-0x0
[73031.398638] iwlwifi 0000:03:00.0: Radio type=0x1-0x2-0x0
[73031.474661] IPv6: ADDRCONF(NETDEV_UP): wlp3s0: link is not ready
[73031.495679] iwlwifi 0000:03:00.0: Radio type=0x1-0x2-0x0
[73031.790796] iwlwifi 0000:03:00.0: Radio type=0x1-0x2-0x0
[73031.867649] IPv6: ADDRCONF(NETDEV_UP): wlp3s0: link is not ready
[73031.892768] IPv6: ADDRCONF(NETDEV_UP): wlp3s0: link is not ready
[73034.990496] iwlwifi 0000:03:00.0: Radio type=0x1-0x2-0x0
[73035.275649] iwlwifi 0000:03:00.0: Radio type=0x1-0x2-0x0
[73035.352918] IPv6: ADDRCONF(NETDEV_UP): wlp3s0: link is not ready
[73038.521114] wlp3s0: authenticate with 70:3a:cb:4c:d3:8a
[73038.526203] wlp3s0: send auth to 70:3a:cb:4c:d3:8a (try 1/3)
[73038.546597] wlp3s0: authenticated
[73038.547421] wlp3s0: associate with 70:3a:cb:4c:d3:8a (try 1/3)
[73038.552939] wlp3s0: RX AssocResp from 70:3a:cb:4c:d3:8a (capab=0x1011 status=0 aid=3)
[73038.573310] wlp3s0: associated
[73038.578463] IPv6: ADDRCONF(NETDEV_CHANGE): wlp3s0: link becomes ready
[73038.647513] wlp3s0: Limiting TX power to 30 (30 - 0) dBm as advertised by 70:3a:cb:4c:d3:8a
[73117.809415] perf: interrupt took too long (3139 > 3137), lowering kernel.perf_event_max_sample_rate to 63000
[74509.143508] PM: suspend entry (deep)
[74509.143510] PM: Syncing filesystems ... done.
[74509.145075] Freezing user space processes ... (elapsed 0.245 seconds) done.
[74509.390731] OOM killer disabled.
[74509.390732] Freezing remaining freezable tasks ... (elapsed 0.001 seconds) done.
[74509.392207] Suspending console(s) (use no_console_suspend to debug)
[74509.392414] wlp3s0: deauthenticating from 70:3a:cb:4c:d3:8a by local choice (Reason: 3=DEAUTH_LEAVING)
[74509.398066] sd 0:0:0:0: [sda] Synchronizing SCSI cache
[74509.398266] sd 0:0:0:0: [sda] Stopping disk
[74509.820191] e1000e: EEE TX LPI TIMER: 00000011
[74509.906424] ACPI: EC: interrupt blocked
[74509.932634] ACPI: Preparing to enter system sleep state S3
[74509.941515] ACPI: EC: event blocked
[74509.941515] ACPI: EC: EC stopped
[74509.941516] PM: Saving platform NVS memory
[74509.941527] Disabling non-boot CPUs ...
[74509.948239] IRQ 30: no longer affine to CPU1
[74509.949257] smpboot: CPU 1 is now offline
[74509.959739] IRQ 28: no longer affine to CPU2
[74509.960959] smpboot: CPU 2 is now offline
[74509.967553] IRQ 16: no longer affine to CPU3
[74509.967560] IRQ 23: no longer affine to CPU3
[74509.968587] smpboot: CPU 3 is now offline
[74509.971510] ACPI: Low-level resume complete
[74509.971547] ACPI: EC: EC started
[74509.971548] PM: Restoring platform NVS memory
[74509.972936] Enabling non-boot CPUs ...
[74509.972976] x86: Booting SMP configuration:
[74509.972977] smpboot: Booting Node 0 Processor 1 APIC 0x1
[74509.973301] Disabled fast string operations
[74509.975686]  cache: parent cpu1 should not be sleeping
[74509.975994] CPU1 is up
[74509.976021] smpboot: Booting Node 0 Processor 2 APIC 0x2
[74509.976841] Disabled fast string operations
[74509.979114]  cache: parent cpu2 should not be sleeping
[74509.979298] CPU2 is up
[74509.979323] smpboot: Booting Node 0 Processor 3 APIC 0x3
[74509.979567] Disabled fast string operations
[74509.981826]  cache: parent cpu3 should not be sleeping
[74509.982006] CPU3 is up
[74509.984920] ACPI: Waking up from system sleep state S3
[74510.007564] ACPI: EC: interrupt unblocked
[74510.019585] sdhci-pci 0000:0d:00.0: MMC controller base frequency changed to 50Mhz.
[74510.032345] ACPI: EC: event unblocked
[74510.042317] sd 0:0:0:0: [sda] Starting disk
[74510.042485] iwlwifi 0000:03:00.0: Radio type=0x1-0x2-0x0
[74510.254272] usb 1-1.6: reset high-speed USB device number 3 using ehci-pci
[74510.337634] iwlwifi 0000:03:00.0: Radio type=0x1-0x2-0x0
[74510.356544] ata5: SATA link down (SStatus 0 SControl 300)
[74510.356597] ata2: SATA link up 1.5 Gbps (SStatus 113 SControl 300)
[74510.356653] ata4: SATA link down (SStatus 0 SControl 300)
[74510.356677] ata1: SATA link up 3.0 Gbps (SStatus 123 SControl 300)
[74510.357135] ata1.00: ACPI cmd ef/02:00:00:00:00:a0 (SET FEATURES) succeeded
[74510.357142] ata1.00: ACPI cmd f5/00:00:00:00:00:a0 (SECURITY FREEZE LOCK) filtered out
[74510.357155] ata1.00: ACPI cmd ef/10:03:00:00:00:a0 (SET FEATURES) filtered out
[74510.358051] ata1.00: ACPI cmd ef/02:00:00:00:00:a0 (SET FEATURES) succeeded
[74510.358054] ata1.00: ACPI cmd f5/00:00:00:00:00:a0 (SECURITY FREEZE LOCK) filtered out
[74510.358055] ata1.00: ACPI cmd ef/10:03:00:00:00:a0 (SET FEATURES) filtered out
[74510.358360] ata1.00: configured for UDMA/133
